Archive member included to satisfy reference by file (symbol)

/home/youlittleperson/intelFPGA_lite/18.1/nios2eds/bin/gnu/H-x86_64-pc-linux-gnu/bin/../lib/gcc/nios2-elf/5.3.0/libgcc.a(lib2-divmod.o)
                              obj/default/I2C_core.o (__divsi3)
/home/youlittleperson/intelFPGA_lite/18.1/nios2eds/bin/gnu/H-x86_64-pc-linux-gnu/bin/../lib/gcc/nios2-elf/5.3.0/libgcc.a(addsf3.o)
                              obj/default/main.o (__addsf3)
/home/youlittleperson/intelFPGA_lite/18.1/nios2eds/bin/gnu/H-x86_64-pc-linux-gnu/bin/../lib/gcc/nios2-elf/5.3.0/libgcc.a(divsf3.o)
                              obj/default/main.o (__divsf3)
/home/youlittleperson/intelFPGA_lite/18.1/nios2eds/bin/gnu/H-x86_64-pc-linux-gnu/bin/../lib/gcc/nios2-elf/5.3.0/libgcc.a(fixsfsi.o)
                              obj/default/main.o (__fixsfsi)
/home/youlittleperson/intelFPGA_lite/18.1/nios2eds/bin/gnu/H-x86_64-pc-linux-gnu/bin/../lib/gcc/nios2-elf/5.3.0/libgcc.a(floatsisf.o)
                              obj/default/main.o (__floatsisf)
/home/youlittleperson/intelFPGA_lite/18.1/nios2eds/bin/gnu/H-x86_64-pc-linux-gnu/bin/../lib/gcc/nios2-elf/5.3.0/libgcc.a(_clzsi2.o)
                              /home/youlittleperson/intelFPGA_lite/18.1/nios2eds/bin/gnu/H-x86_64-pc-linux-gnu/bin/../lib/gcc/nios2-elf/5.3.0/libgcc.a(addsf3.o) (__clzsi2)
/home/youlittleperson/intelFPGA_lite/18.1/nios2eds/bin/gnu/H-x86_64-pc-linux-gnu/bin/../lib/gcc/nios2-elf/5.3.0/libgcc.a(_clz.o)
                              /home/youlittleperson/intelFPGA_lite/18.1/nios2eds/bin/gnu/H-x86_64-pc-linux-gnu/bin/../lib/gcc/nios2-elf/5.3.0/libgcc.a(_clzsi2.o) (__clz_tab)
/home/youlittleperson/intelFPGA_lite/18.1/nios2eds/bin/gnu/H-x86_64-pc-linux-gnu/bin/../lib/gcc/nios2-elf/5.3.0/../../../../../H-x86_64-pc-linux-gnu/nios2-elf/lib/libc.a(lib_a-fopen.o)
                              obj/default/main.o (fopen)
/home/youlittleperson/intelFPGA_lite/18.1/nios2eds/bin/gnu/H-x86_64-pc-linux-gnu/bin/../lib/gcc/nios2-elf/5.3.0/../../../../../H-x86_64-pc-linux-gnu/nios2-elf/lib/libc.a(lib_a-fprintf.o)
                              obj/default/main.o (fprintf)
/home/youlittleperson/intelFPGA_lite/18.1/nios2eds/bin/gnu/H-x86_64-pc-linux-gnu/bin/../lib/gcc/nios2-elf/5.3.0/../../../../../H-x86_64-pc-linux-gnu/nios2-elf/lib/libc.a(lib_a-fseek.o)
                              /home/youlittleperson/intelFPGA_lite/18.1/nios2eds/bin/gnu/H-x86_64-pc-linux-gnu/bin/../lib/gcc/nios2-elf/5.3.0/../../../../../H-x86_64-pc-linux-gnu/nios2-elf/lib/libc.a(lib_a-fopen.o) (_fseek_r)
/home/youlittleperson/intelFPGA_lite/18.1/nios2eds/bin/gnu/H-x86_64-pc-linux-gnu/bin/../lib/gcc/nios2-elf/5.3.0/../../../../../H-x86_64-pc-linux-gnu/nios2-elf/lib/libc.a(lib_a-fseeko.o)
                              /home/youlittleperson/intelFPGA_lite/18.1/nios2eds/bin/gnu/H-x86_64-pc-linux-gnu/bin/../lib/gcc/nios2-elf/5.3.0/../../../../../H-x86_64-pc-linux-gnu/nios2-elf/lib/libc.a(lib_a-fseek.o) (_fseeko_r)
/home/youlittleperson/intelFPGA_lite/18.1/nios2eds/bin/gnu/H-x86_64-pc-linux-gnu/bin/../lib/gcc/nios2-elf/5.3.0/../../../../../H-x86_64-pc-linux-gnu/nios2-elf/lib/libc.a(lib_a-fstatr.o)
                              /home/youlittleperson/intelFPGA_lite/18.1/nios2eds/bin/gnu/H-x86_64-pc-linux-gnu/bin/../lib/gcc/nios2-elf/5.3.0/../../../../../H-x86_64-pc-linux-gnu/nios2-elf/lib/libc.a(lib_a-fseeko.o) (_fstat_r)
/home/youlittleperson/intelFPGA_lite/18.1/nios2eds/bin/gnu/H-x86_64-pc-linux-gnu/bin/../lib/gcc/nios2-elf/5.3.0/../../../../../H-x86_64-pc-linux-gnu/nios2-elf/lib/libc.a(lib_a-impure.o)
                              /home/youlittleperson/intelFPGA_lite/18.1/nios2eds/bin/gnu/H-x86_64-pc-linux-gnu/bin/../lib/gcc/nios2-elf/5.3.0/../../../../../H-x86_64-pc-linux-gnu/nios2-elf/lib/libc.a(lib_a-fopen.o) (_impure_ptr)
/home/youlittleperson/intelFPGA_lite/18.1/nios2eds/bin/gnu/H-x86_64-pc-linux-gnu/bin/../lib/gcc/nios2-elf/5.3.0/../../../../../H-x86_64-pc-linux-gnu/nios2-elf/lib/libc.a(lib_a-int_errno.o)
                              /home/youlittleperson/intelFPGA_lite/18.1/nios2eds/bin/gnu/H-x86_64-pc-linux-gnu/bin/../lib/gcc/nios2-elf/5.3.0/../../../../../H-x86_64-pc-linux-gnu/nios2-elf/lib/libc.a(lib_a-fstatr.o) (errno)
/home/youlittleperson/intelFPGA_lite/18.1/nios2eds/bin/gnu/H-x86_64-pc-linux-gnu/bin/../lib/gcc/nios2-elf/5.3.0/../../../../../H-x86_64-pc-linux-gnu/nios2-elf/lib/libc.a(lib_a-makebuf.o)
                              /home/youlittleperson/intelFPGA_lite/18.1/nios2eds/bin/gnu/H-x86_64-pc-linux-gnu/bin/../lib/gcc/nios2-elf/5.3.0/../../../../../H-x86_64-pc-linux-gnu/nios2-elf/lib/libc.a(lib_a-fseeko.o) (__smakebuf_r)
/home/youlittleperson/intelFPGA_lite/18.1/nios2eds/bin/gnu/H-x86_64-pc-linux-gnu/bin/../lib/gcc/nios2-elf/5.3.0/../../../../../H-x86_64-pc-linux-gnu/nios2-elf/lib/libc.a(lib_a-malloc.o)
                              obj/default/queue.o (malloc)
[...]
Memory Configuration

Name             Origin             Length             Attributes
reset            0x0000000000020000 0x0000000000000020
onchip_memory2_0 0x0000000000020020 0x000000000001ffe0
*default*        0x0000000000000000 0xffffffffffffffff

Linker script and memory map

LOAD ../D8M_Camera_Test_bsp//obj/HAL/src/crt0.o
LOAD obj/default/I2C_core.o
LOAD obj/default/auto_focus.o
LOAD obj/default/main.o
LOAD obj/default/mipi_bridge_config.o
LOAD obj/default/mipi_camera_config.o
LOAD obj/default/queue.o
LOAD /home/youlittleperson/intelFPGA_lite/18.1/nios2eds/bin/gnu/H-x86_64-pc-linux-gnu/bin/../lib/gcc/nios2-elf/5.3.0/../../../../../H-x86_64-pc-linux-gnu/nios2-elf/lib/libstdc++.a
LOAD /home/youlittleperson/intelFPGA_lite/18.1/nios2eds/bin/gnu/H-x86_64-pc-linux-gnu/bin/../lib/gcc/nios2-elf/5.3.0/../../../../../H-x86_64-pc-linux-gnu/nios2-elf/lib/libm.a
LOAD /home/youlittleperson/intelFPGA_lite/18.1/nios2eds/bin/gnu/H-x86_64-pc-linux-gnu/bin/../lib/gcc/nios2-elf/5.3.0/libgcc.a
START GROUP
LOAD /home/youlittleperson/intelFPGA_lite/18.1/nios2eds/bin/gnu/H-x86_64-pc-linux-gnu/bin/../lib/gcc/nios2-elf/5.3.0/../../../../../H-x86_64-pc-linux-gnu/nios2-elf/lib/libc.a
LOAD /home/youlittleperson/intelFPGA_lite/18.1/nios2eds/bin/gnu/H-x86_64-pc-linux-gnu/bin/../lib/gcc/nios2-elf/5.3.0/libgcc.a
LOAD ../D8M_Camera_Test_bsp//libhal_bsp.a
LOAD /home/youlittleperson/intelFPGA_lite/18.1/nios2eds/bin/gnu/H-x86_64-pc-linux-gnu/bin/../lib/gcc/nios2-elf/5.3.0/../../../../../H-x86_64-pc-linux-gnu/nios2-elf/lib/libm.a
END GROUP
LOAD /home/youlittleperson/intelFPGA_lite/18.1/nios2eds/bin/gnu/H-x86_64-pc-linux-gnu/bin/../lib/gcc/nios2-elf/5.3.0/libgcc.a
                0x0000000000020000                __alt_mem_onchip_memory2_0 = 0x20000

.entry          0x0000000000020000       0x20
 *(.entry)
 .entry         0x0000000000020000       0x20 ../D8M_Camera_Test_bsp//obj/HAL/src/crt0.o
                0x0000000000020000                __reset

.exceptions     0x0000000000020020      0x224
                0x0000000000020020                PROVIDE (__ram_exceptions_start, ABSOLUTE (.))
                0x0000000000020020                . = ALIGN (0x20)
 *(.irq)
 *(.exceptions.entry.label)
 .exceptions.entry.label
                0x0000000000020020        0x0 ../D8M_Camera_Test_bsp//libhal_bsp.a(alt_irq_entry.o)
                0x0000000000020020                alt_irq_entry
 .exceptions.entry.label
                0x0000000000020020        0x0 ../D8M_Camera_Test_bsp//libhal_bsp.a(alt_exception_entry.o)
                0x0000000000020020                alt_exception
 *(.exceptions.entry.user)
 *(.exceptions.entry.ecc_fatal)
 *(.exceptions.entry)
 .exceptions.entry
                0x0000000000020020       0x54 ../D8M_Camera_Test_bsp//libhal_bsp.a(alt_exception_entry.o)
 *(.exceptions.irqtest.user)
 *(.exceptions.irqtest)
 .exceptions.irqtest
                0x0000000000020074       0x10 ../D8M_Camera_Test_bsp//libhal_bsp.a(alt_irq_entry.o)
 *(.exceptions.irqhandler.user)
 *(.exceptions.irqhandler)
 .exceptions.irqhandler
                0x0000000000020084        0x4 ../D8M_Camera_Test_bsp//libhal_bsp.a(alt_irq_entry.o)
 *(.exceptions.irqreturn.user)
 *(.exceptions.irqreturn)
 .exceptions.irqreturn
                0x0000000000020088        0x4 ../D8M_Camera_Test_bsp//libhal_bsp.a(alt_irq_entry.o)
 *(.exceptions.notirq.label)
 .exceptions.notirq.label
                0x000000000002008c        0x0 ../D8M_Camera_Test_bsp//libhal_bsp.a(alt_irq_entry.o)
 *(.exceptions.notirq.user)
 *(.exceptions.notirq)
 .exceptions.notirq
                0x000000000002008c        0x8 ../D8M_Camera_Test_bsp//libhal_bsp.a(alt_exception_entry.o)
 *(.exceptions.soft.user)
 *(.exceptions.soft)
 *(.exceptions.unknown.user)
 *(.exceptions.unknown)
 .exceptions.unknown
                0x0000000000020094       0x14 ../D8M_Camera_Test_bsp//libhal_bsp.a(alt_exception_entry.o)
 *(.exceptions.exit.label)
 .exceptions.exit.label
                0x00000000000200a8        0x0 ../D8M_Camera_Test_bsp//libhal_bsp.a(alt_irq_entry.o)
 .exceptions.exit.label
                0x00000000000200a8        0x0 ../D8M_Camera_Test_bsp//libhal_bsp.a(alt_exception_entry.o)
 *(.exceptions.exit.user)
 *(.exceptions.exit)
 .exceptions.exit
                0x00000000000200a8       0x54 ../D8M_Camera_Test_bsp//libhal_bsp.a(alt_exception_entry.o)
 *(.exceptions)
 .exceptions    0x00000000000200fc       0xd4 ../D8M_Camera_Test_bsp//libhal_bsp.a(alt_irq_handler.o)
                0x00000000000200fc                alt_irq_handler
 .exceptions    0x00000000000201d0       0x74 ../D8M_Camera_Test_bsp//libhal_bsp.a(alt_instruction_exception_entry.o)
                0x00000000000201d0                alt_instruction_exception_entry
                0x0000000000020244                PROVIDE (__ram_exceptions_end, ABSOLUTE (.))
                0x0000000000020020                PROVIDE (__flash_exceptions_start, LOADADDR (.exceptions))

.text           0x0000000000020244    0x13e4c
                [!provide]                        PROVIDE (stext, ABSOLUTE (.))
 *(.interp)
 *(.hash)
 *(.dynsym)
 *(.dynstr)
 *(.gnu.version)
 *(.gnu.version_d)
 *(.gnu.version_r)
 *(.rel.init)
 *(.rela.init)
 *(.rel.text .rel.text.* .rel.gnu.linkonce.t.*)
 *(.rela.text .rela.text.* .rela.gnu.linkonce.t.*)
 *(.rel.fini)
 *(.rela.fini)
 *(.rel.rodata .rel.rodata.* .rel.gnu.linkonce.r.*)
 *(.rela.rodata .rela.rodata.* .rela.gnu.linkonce.r.*)
 *(.rel.data .rel.data.* .rel.gnu.linkonce.d.*)
 *(.rela.data .rela.data.* .rela.gnu.linkonce.d.*)
 *(.rel.tdata .rel.tdata.* .rel.gnu.linkonce.td.*)
 *(.rela.tdata .rela.tdata.* .rela.gnu.linkonce.td.*)
 *(.rel.tbss .rel.tbss.* .rel.gnu.linkonce.tb.*)
 *(.rela.tbss .rela.tbss.* .rela.gnu.linkonce.tb.*)
 *(.rel.ctors)
 *(.rela.ctors)
 *(.rel.dtors)
 *(.rela.dtors)
 *(.rel.got)
 *(.rela.got)
 *(.rel.sdata .rel.sdata.* .rel.gnu.linkonce.s.*)
 *(.rela.sdata .rela.sdata.* .rela.gnu.linkonce.s.*)
 *(.rel.sbss .rel.sbss.* .rel.gnu.linkonce.sb.*)
 *(.rela.sbss .rela.sbss.* .rela.gnu.linkonce.sb.*)
 *(.rel.sdata2 .rel.sdata2.* .rel.gnu.linkonce.s2.*)
 *(.rela.sdata2 .rela.sdata2.* .rela.gnu.linkonce.s2.*)
 *(.rel.sbss2 .rel.sbss2.* .rel.gnu.linkonce.sb2.*)
 *(.rela.sbss2 .rela.sbss2.* .rela.gnu.linkonce.sb2.*)
 *(.rel.bss .rel.bss.* .rel.gnu.linkonce.b.*)
 *(.rela.bss .rela.bss.* .rela.gnu.linkonce.b.*)
 *(.rel.plt)
 *(.rela.plt)
 *(.rel.dyn)
 *(.init)
 *(.plt)
 *(.text .stub .text.* .gnu.linkonce.t.*)
 .text          0x0000000000020244       0x4c ../D8M_Camera_Test_bsp//obj/HAL/src/crt0.o
                0x0000000000020244                _start
 .text          0x0000000000020290      0xdac obj/default/I2C_core.o
                0x0000000000020290                Write32_Data
                0x00000000000202e8                Read32_Data
                0x0000000000020340                oc_i2c_init
                0x0000000000020398                oc_i2c_init_ex
                0x00000000000204d4                oc_i2c_uninit
                0x0000000000020558                ACK_single_check
                0x00000000000205e4                ACK_check
                0x0000000000020644                OC_I2C_Write
                0x0000000000020844                ACK_judge_for_read
                0x00000000000208a8                OC_I2C_Read
                0x0000000000020a74                OC_I2C_Read_Continue
                0x0000000000020bac                OC_I2CL_Write
                0x0000000000020dbc                OC_I2CL_Read
 .text          0x000000000002103c      0x3b8 obj/default/auto_focus.o
                0x000000000002103c                Focus_Init
                0x0000000000021164                Focus_Window
                0x0000000000021344                Focus_Released
 .text          0x00000000000213f4      0xba8 obj/default/main.o
                0x00000000000213f4                mipi_clear_error
                0x00000000000214ac                mipi_show_error_info
                0x0000000000021544                mipi_show_error_info_more
                0x00000000000216bc                MIPI_Init
                0x0000000000021744                hex2int
                0x00000000000217e0                main
 .text          0x0000000000021f9c      0x260 obj/default/mipi_bridge_config.o
                0x0000000000021f9c                nSWAP16
                0x0000000000021fe8                MipiBridgeRegWrite
                0x0000000000022054                MipiBridgeRegRead
                0x00000000000220cc                MipiBridgeInit
 .text          0x00000000000221fc      0x8bc obj/default/mipi_camera_config.o
                0x00000000000221fc                OV8865_read_cmos_sensor_8
                0x0000000000022260                OV8865_write_cmos_sensor_8
                0x00000000000222cc                OV8865_write_AF
                0x0000000000022338                OV8865_read_AF
                0x00000000000223b8                OV8865_FOCUS_Move_to
                0x0000000000022488                OV8865SetExposure
                0x0000000000022568                OV8865SetGain
                0x0000000000022634                OV8865ReadExposure
                0x00000000000226f0                MIPI_BIN_LEVEL
                0x00000000000228b0                MipiCameraInit
 .text          0x0000000000022ab8      0x2a0 obj/default/queue.o
                0x0000000000022ab8                QUEUE_New
                0x0000000000022b28                QUEUE_Delete
                0x0000000000022b5c                QUEUE_IsEmpty
                0x0000000000022b9c                QUEUE_IsFull
                0x0000000000022c00                QUEUE_Push
                0x0000000000022c94                QUEUE_Pop
                0x0000000000022d24                QUEUE_Empty
 .text          0x0000000000022d58      0x1b4 /home/youlittleperson/intelFPGA_lite/18.1/nios2eds/bin/gnu/H-x86_64-pc-linux-gnu/bin/../lib/gcc/nios2-elf/5.3.0/libgcc.a(lib2-divmod.o)
                0x0000000000022d58                __divsi3
                0x0000000000022ddc                __modsi3
                0x0000000000022e50                __udivsi3
                0x0000000000022eb4                __umodsi3
 .text          0x0000000000022f0c      0x4c8 /home/youlittleperson/intelFPGA_lite/18.1/nios2eds/bin/gnu/H-x86_64-pc-linux-gnu/bin/../lib/gcc/nios2-elf/5.3.0/libgcc.a(addsf3.o)
                0x0000000000022f0c                __addsf3
 .text          0x00000000000233d4      0x440 /home/youlittleperson/intelFPGA_lite/18.1/nios2eds/bin/gnu/H-x86_64-pc-linux-gnu/bin/../lib/gcc/nios2-elf/5.3.0/libgcc.a(divsf3.o)
                0x00000000000233d4                __divsf3
 .text          0x0000000000023814       0x70 /home/youlittleperson/intelFPGA_lite/18.1/nios2eds/bin/gnu/H-x86_64-pc-linux-gnu/bin/../lib/gcc/nios2-elf/5.3.0/libgcc.a(fixsfsi.o)
                0x0000000000023814                __fixsfsi
 .text          0x0000000000023884      0x124 /home/youlittleperson/intelFPGA_lite/18.1/nios2eds/bin/gnu/H-x86_64-pc-linux-gnu/bin/../lib/gcc/nios2-elf/5.3.0/libgcc.a(floatsisf.o)
                0x0000000000023884                __floatsisf
 .text          0x00000000000239a8       0x64 /home/youlittleperson/intelFPGA_lite/18.1/nios2eds/bin/gnu/H-x86_64-pc-linux-gnu/bin/../lib/gcc/nios2-elf/5.3.0/libgcc.a(_clzsi2.o)
                0x00000000000239a8                __clzsi2
 .text          0x0000000000023a0c        0x0 /home/youlittleperson/intelFPGA_lite/18.1/nios2eds/bin/gnu/H-x86_64-pc-linux-gnu/bin/../lib/gcc/nios2-elf/5.3.0/libgcc.a(_clz.o)
 .text          0x0000000000023a0c        0x0 /home/youlittleperson/intelFPGA_lite/18.1/nios2eds/bin/gnu/H-x86_64-pc-linux-gnu/bin/../lib/gcc/nios2-elf/5.3.0/../../../../../H-x86_64-pc-linux-gnu/nios2-elf/lib/libc.a(lib_a-fopen.o)
 .text._fopen_r
                0x0000000000023a0c       0xf4 /home/youlittleperson/intelFPGA_lite/18.1/nios2eds/bin/gnu/H-x86_64-pc-linux-gnu/bin/../lib/gcc/nios2-elf/5.3.0/../../../../../H-x86_64-pc-linux-gnu/nios2-elf/lib/libc.a(lib_a-fopen.o)
                0x0000000000023a0c                _fopen_r
 .text.fopen    0x0000000000023b00       0x18 /home/youlittleperson/intelFPGA_lite/18.1/nios2eds/bin/gnu/H-x86_64-pc-linux-gnu/bin/../lib/gcc/nios2-elf/5.3.0/../../../../../H-x86_64-pc-linux-gnu/nios2-elf/lib/libc.a(lib_a-fopen.o)
                0x0000000000023b00                fopen
 .text          0x0000000000023b18        0x0 /home/youlittleperson/intelFPGA_lite/18.1/nios2eds/bin/gnu/H-x86_64-pc-linux-gnu/bin/../lib/gcc/nios2-elf/5.3.0/../../../../../H-x86_64-pc-linux-gnu/nios2-elf/lib/libc.a(lib_a-fprintf.o)
 .text._fprintf_r
                0x0000000000023b18       0x28 /home/youlittleperson/intelFPGA_lite/18.1/nios2eds/bin/gnu/H-x86_64-pc-linux-gnu/bin/../lib/gcc/nios2-elf/5.3.0/../../../../../H-x86_64-pc-linux-gnu/nios2-elf/lib/libc.a(lib_a-fprintf.o)
                0x0000000000023b18                _fprintf_r
 .text.fprintf  0x0000000000023b40       0x24 /home/youlittleperson/intelFPGA_lite/18.1/nios2eds/bin/gnu/H-x86_64-pc-linux-gnu/bin/../lib/gcc/nios2-elf/5.3.0/../../../../../H-x86_64-pc-linux-gnu/nios2-elf/lib/libc.a(lib_a-fprintf.o)
                0x0000000000023b40                fprintf
 .text          0x0000000000023b64        0x0 /home/youlittleperson/intelFPGA_lite/18.1/nios2eds/bin/gnu/H-x86_64-pc-linux-gnu/bin/../lib/gcc/nios2-elf/5.3.0/../../../../../H-x86_64-pc-linux-gnu/nios2-elf/lib/libc.a(lib_a-fseek.o)
 .text._fseek_r
                0x0000000000023b64        0x4 /home/youlittleperson/intelFPGA_lite/18.1/nios2eds/bin/gnu/H-x86_64-pc-linux-gnu/bin/../lib/gcc/nios2-elf/5.3.0/../../../../../H-x86_64-pc-linux-gnu/nios2-elf/lib/libc.a(lib_a-fseek.o)
                0x0000000000023b64                _fseek_r
 .text.fseek    0x0000000000023b68       0x1c /home/youlittleperson/intelFPGA_lite/18.1/nios2eds/bin/gnu/H-x86_64-pc-linux-gnu/bin/../lib/gcc/nios2-elf/5.3.0/../../../../../H-x86_64-pc-linux-gnu/nios2-elf/lib/libc.a(lib_a-fseek.o)
                0x0000000000023b68                fseek
 .text          0x0000000000023b84        0x0 /home/youlittleperson/intelFPGA_lite/18.1/nios2eds/bin/gnu/H-x86_64-pc-linux-gnu/bin/../lib/gcc/nios2-elf/5.3.0/../../../../../H-x86_64-pc-linux-gnu/nios2-elf/lib/libc.a(lib_a-fseeko.o)
 .text._fseeko_r
                0x0000000000023b84      0x444 /home/youlittleperson/intelFPGA_lite/18.1/nios2eds/bin/gnu/H-x86_64-pc-linux-gnu/bin/../lib/gcc/nios2-elf/5.3.0/../../../../../H-x86_64-pc-linux-gnu/nios2-elf/lib/libc.a(lib_a-fseeko.o)
                0x0000000000023b84                _fseeko_r
 .text.fseeko   0x0000000000023fc8       0x1c /home/youlittleperson/intelFPGA_lite/18.1/nios2eds/bin/gnu/H-x86_64-pc-linux-gnu/bin/../lib/gcc/nios2-elf/5.3.0/../../../../../H-x86_64-pc-linux-gnu/nios2-elf/lib/libc.a(lib_a-fseeko.o)
                0x0000000000023fc8                fseeko
 .text          0x0000000000023fe4        0x0 /home/youlittleperson/intelFPGA_lite/18.1/nios2eds/bin/gnu/H-x86_64-pc-linux-gnu/bin/../lib/gcc/nios2-elf/5.3.0/../../../../../H-x86_64-pc-linux-gnu/nios2-elf/lib/libc.a(lib_a-fstatr.o)
 .text._fstat_r
                0x0000000000023fe4       0x5c /home/youlittleperson/intelFPGA_lite/18.1/nios2eds/bin/gnu/H-x86_64-pc-linux-gnu/bin/../lib/gcc/nios2-elf/5.3.0/../../../../../H-x86_64-pc-linux-gnu/nios2-elf/lib/libc.a(lib_a-fstatr.o)
                0x0000000000023fe4                _fstat_r
 .text          0x0000000000024040        0x0 /home/youlittleperson/intelFPGA_lite/18.1/nios2eds/bin/gnu/H-x86_64-pc-linux-gnu/bin/../lib/gcc/nios2-elf/5.3.0/../../../../../H-x86_64-pc-linux-gnu/nios2-elf/lib/libc.a(lib_a-impure.o)
 .text          0x0000000000024040        0x0 /home/youlittleperson/intelFPGA_lite/18.1/nios2eds/bin/gnu/H-x86_64-pc-linux-gnu/bin/../lib/gcc/nios2-elf/5.3.0/../../../../../H-x86_64-pc-linux-gnu/nios2-elf/lib/libc.a(lib_a-int_errno.o)
 .text          0x0000000000024040        0x0 /home/youlittleperson/intelFPGA_lite/18.1/nios2eds/bin/gnu/H-x86_64-pc-linux-gnu/bin/../lib/gcc/nios2-elf/5.3.0/../../../../../H-x86_64-pc-linux-gnu/nios2-elf/lib/libc.a(lib_a-makebuf.o)
 .text.__smakebuf_r
                0x0000000000024040      0x1bc /home/youlittleperson/intelFPGA_lite/18.1/nios2eds/bin/gnu/H-x86_64-pc-linux-gnu/bin/../lib/gcc/nios2-elf/5.3.0/../../../../../H-x86_64-pc-linux-gnu/nios2-elf/lib/libc.a(lib_a-makebuf.o)
                0x0000000000024040                __smakebuf_r
 .text          0x00000000000241fc        0x0 /home/youlittleperson/intelFPGA_lite/18.1/nios2eds/bin/gnu/H-x86_64-pc-linux-gnu/bin/../lib/gcc/nios2-elf/5.3.0/../../../../../H-x86_64-pc-linux-gnu/nios2-elf/lib/libc.a(lib_a-malloc.o)
 .text.malloc   0x00000000000241fc       0x14 /home/youlittleperson/intelFPGA_lite/18.1/nios2eds/bin/gnu/H-x86_64-pc-linux-gnu/bin/../lib/gcc/nios2-elf/5.3.0/../../../../../H-x86_64-pc-linux-gnu/nios2-elf/lib/libc.a(lib_a-malloc.o)
                0x00000000000241fc                malloc
 .text.free     0x0000000000024210       0x14 /home/youlittleperson/intelFPGA_lite/18.1/nios2eds/bin/gnu/H-x86_64-pc-linux-gnu/bin/../lib/gcc/nios2-elf/5.3.0/../../../../../H-x86_64-pc-linux-gnu/nios2-elf/lib/libc.a(lib_a-malloc.o)
                0x0000000000024210                free
 .text          0x0000000000024224        0x0 /home/youlittleperson/intelFPGA_lite/18.1/nios2eds/bin/gnu/H-x86_64-pc-linux-gnu/bin/../lib/gcc/nios2-elf/5.3.0/../../../../../H-x86_64-pc-linux-gnu/nios2-elf/lib/libc.a(lib_a-mallocr.o)
 .text._malloc_r
                0x0000000000024224      0x80c /home/youlittleperson/intelFPGA_lite/18.1/nios2eds/bin/gnu/H-x86_64-pc-linux-gnu/bin/../lib/gcc/nios2-elf/5.3.0/../../../../../H-x86_64-pc-linux-gnu/nios2-elf/lib/libc.a(lib_a-mallocr.o)
                0x0000000000024224                _malloc_r
 .text          0x0000000000024a30        0x0 /home/youlittleperson/intelFPGA_lite/18.1/nios2eds/bin/gnu/H-x86_64-pc-linux-gnu/bin/../lib/gcc/nios2-elf/5.3.0/../../../../../H-x86_64-pc-linux-gnu/nios2-elf/lib/libc.a(lib_a-memset.o)
 .text.memset   0x0000000000024a30      0x128 /home/youlittleperson/intelFPGA_lite/18.1/nios2eds/bin/gnu/H-x86_64-pc-linux-gnu/bin/../lib/gcc/nios2-elf/5.3.0/../../../../../H-x86_64-pc-linux-gnu/nios2-elf/lib/libc.a(lib_a-memset.o)
                0x0000000000024a30                memset
 .text          0x0000000000024b58        0x0 /home/youlittleperson/intelFPGA_lite/18.1/nios2eds/bin/gnu/H-x86_64-pc-linux-gnu/bin/../lib/gcc/nios2-elf/5.3.0/../../../../../H-x86_64-pc-linux-gnu/nios2-elf/lib/libc.a(lib_a-openr.o)
 .text._open_r  0x0000000000024b58       0x60 /home/youlittleperson/intelFPGA_lite/18.1/nios2eds/bin/gnu/H-x86_64-pc-linux-gnu/bin/../lib/gcc/nios2-elf/5.3.0/../../../../../H-x86_64-pc-linux-gnu/nios2-elf/lib/libc.a(lib_a-openr.o)
                0x0000000000024b58                _open_r
 .text          0x0000000000024bb8        0x0 /home/youlittleperson/intelFPGA_lite/18.1/nios2eds/bin/gnu/H-x86_64-pc-linux-gnu/bin/../lib/gcc/nios2-elf/5.3.0/../../../../../H-x86_64-pc-linux-gnu/nios2-elf/lib/libc.a(lib_a-printf.o)
 .text._printf_r
                0x0000000000024bb8       0x30 /home/youlittleperson/intelFPGA_lite/18.1/nios2eds/bin/gnu/H-x86_64-pc-linux-gnu/bin/../lib/gcc/nios2-elf/5.3.0/../../../../../H-x86_64-pc-linux-gnu/nios2-elf/lib/libc.a(lib_a-printf.o)
                0x0000000000024bb8                _printf_r
 .text.printf   0x0000000000024be8       0x3c /home/youlittleperson/intelFPGA_lite/18.1/nios2eds/bin/gnu/H-x86_64-pc-linux-gnu/bin/../lib/gcc/nios2-elf/5.3.0/../../../../../H-x86_64-pc-linux-gnu/nios2-elf/lib/libc.a(lib_a-printf.o)
                0x0000000000024be8                printf
 .text          0x0000000000024c24        0x0 /home/youlittleperson/intelFPGA_lite/18.1/nios2eds/bin/gnu/H-x86_64-pc-linux-gnu/bin/../lib/gcc/nios2-elf/5.3.0/../../../../../H-x86_64-pc-linux-gnu/nios2-elf/lib/libc.a(lib_a-putchar.o)
 .text._putchar_r
                0x0000000000024c24        0x8 /home/youlittleperson/intelFPGA_lite/18.1/nios2eds/bin/gnu/H-x86_64-pc-linux-gnu/bin/../lib/gcc/nios2-elf/5.3.0/../../../../../H-x86_64-pc-linux-gnu/nios2-elf/lib/libc.a(lib_a-putchar.o)
                0x0000000000024c24                _putchar_r
 .text.putchar  0x0000000000024c2c       0x18 /home/youlittleperson/intelFPGA_lite/18.1/nios2eds/bin/gnu/H-x86_64-pc-linux-gnu/bin/../lib/gcc/nios2-elf/5.3.0/../../../../../H-x86_64-pc-linux-gnu/nios2-elf/lib/libc.a(lib_a-putchar.o)
                0x0000000000024c2c                putchar
 .text          0x0000000000024c44        0x0 /home/youlittleperson/intelFPGA_lite/18.1/nios2eds/bin/gnu/H-x86_64-pc-linux-gnu/bin/../lib/gcc/nios2-elf/5.3.0/../../../../../H-x86_64-pc-linux-gnu/nios2-elf/lib/libc.a(lib_a-puts.o)
 .text._puts_r  0x0000000000024c44       0xc0 /home/youlittleperson/intelFPGA_lite/18.1/nios2eds/bin/gnu/H-x86_64-pc-linux-gnu/bin/../lib/gcc/nios2-elf/5.3.0/../../../../../H-x86_64-pc-linux-gnu/nios2-elf/lib/libc.a(lib_a-puts.o)
                0x0000000000024c44                _puts_r
 .text.puts     0x0000000000024d04       0x14 /home/youlittleperson/intelFPGA_lite/18.1/nios2eds/bin/gnu/H-x86_64-pc-linux-gnu/bin/../lib/gcc/nios2-elf/5.3.0/../../../../../H-x86_64-pc-linux-gnu/nios2-elf/lib/libc.a(lib_a-puts.o)
                0x0000000000024d04                puts
 .text          0x0000000000024d18        0x0 /home/youlittleperson/intelFPGA_lite/18.1/nios2eds/bin/gnu/H-x86_64-pc-linux-gnu/bin/../lib/gcc/nios2-elf/5.3.0/../../../../../H-x86_64-pc-linux-gnu/nios2-elf/lib/libc.a(lib_a-refill.o)
 .text.lflush   0x0000000000024d18       0x1c /home/youlittleperson/intelFPGA_lite/18.1/nios2eds/bin/gnu/H-x86_64-pc-linux-gnu/bin/../lib/gcc/nios2-elf/5.3.0/../../../../../H-x86_64-pc-linux-gnu/nios2-elf/lib/libc.a(lib_a-refill.o)
 .text.__srefill_r
                0x0000000000024d34      0x1d4 /home/youlittleperson/intelFPGA_lite/18.1/nios2eds/bin/gnu/H-x86_64-pc-linux-gnu/bin/../lib/gcc/nios2-elf/5.3.0/../../../../../H-x86_64-pc-linux-gnu/nios2-elf/lib/libc.a(lib_a-refill.o)
                0x0000000000024d34                __srefill_r
 .text          0x0000000000024f08        0x0 /home/youlittleperson/intelFPGA_lite/18.1/nios2eds/bin/gnu/H-x86_64-pc-linux-gnu/bin/../lib/gcc/nios2-elf/5.3.0/../../../../../H-x86_64-pc-linux-gnu/nios2-elf/lib/libc.a(lib_a-sbrkr.o)
 .text._sbrk_r  0x0000000000024f08       0x54 /home/youlittleperson/intelFPGA_lite/18.1/nios2eds/bin/gnu/H-x86_64-pc-linux-gnu/bin/../lib/gcc/nios2-elf/5.3.0/../../../../../H-x86_64-pc-linux-gnu/nios2-elf/lib/libc.a(lib_a-sbrkr.o)
                0x0000000000024f08                _sbrk_r
 .text          0x0000000000024f5c        0x0 /home/youlittleperson/intelFPGA_lite/18.1/nios2eds/bin/gnu/H-x86_64-pc-linux-gnu/bin/../lib/gcc/nios2-elf/5.3.0/../../../../../H-x86_64-pc-linux-gnu/nios2-elf/lib/libc.a(lib_a-stdio.o)
 .text.__sread  0x0000000000024f5c       0x54 /home/youlittleperson/intelFPGA_lite/18.1/nios2eds/bin/gnu/H-x86_64-pc-linux-gnu/bin/../lib/gcc/nios2-elf/5.3.0/../../../../../H-x86_64-pc-linux-gnu/nios2-elf/lib/libc.a(lib_a-stdio.o)
                0x0000000000024f5c                __sread
 .text.__seofread
                0x0000000000024fb0        0x8 /home/youlittleperson/intelFPGA_lite/18.1/nios2eds/bin/gnu/H-x86_64-pc-linux-gnu/bin/../lib/gcc/nios2-elf/5.3.0/../../../../../H-x86_64-pc-linux-gnu/nios2-elf/lib/libc.a(lib_a-stdio.o)
                0x0000000000024fb0                __seofread
 .text.__swrite
                0x0000000000024fb8       0x7c /home/youlittleperson/intelFPGA_lite/18.1/nios2eds/bin/gnu/H-x86_64-pc-linux-gnu/bin/../lib/gcc/nios2-elf/5.3.0/../../../../../H-x86_64-pc-linux-gnu/nios2-elf/lib/libc.a(lib_a-stdio.o)
                0x0000000000024fb8                __swrite
 .text.__sseek  0x0000000000025034       0x5c /home/youlittleperson/intelFPGA_lite/18.1/nios2eds/bin/gnu/H-x86_64-pc-linux-gnu/bin/../lib/gcc/nios2-elf/5.3.0/../../../../../H-x86_64-pc-linux-gnu/nios2-elf/lib/libc.a(lib_a-stdio.o)
                0x0000000000025034                __sseek
 .text.__sclose
                0x0000000000025090        0x8 /home/youlittleperson/intelFPGA_lite/18.1/nios2eds/bin/gnu/H-x86_64-pc-linux-gnu/bin/../lib/gcc/nios2-elf/5.3.0/../../../../../H-x86_64-pc-linux-gnu/nios2-elf/lib/libc.a(lib_a-stdio.o)
                0x0000000000025090                __sclose
 .text          0x0000000000025098        0x0 /home/youlittleperson/intelFPGA_lite/18.1/nios2eds/bin/gnu/H-x86_64-pc-linux-gnu/bin/../lib/gcc/nios2-elf/5.3.0/../../../../../H-x86_64-pc-linux-gnu/nios2-elf/lib/libc.a(lib_a-strlen.o)
 .text.strlen   0x0000000000025098       0x98 /home/youlittleperson/intelFPGA_lite/18.1/nios2eds/bin/gnu/H-x86_64-pc-linux-gnu/bin/../lib/gcc/nios2-elf/5.3.0/../../../../../H-x86_64-pc-linux-gnu/nios2-elf/lib/libc.a(lib_a-strlen.o)
                0x0000000000025098                strlen
 .text          0x0000000000025130        0x0 /home/youlittleperson/intelFPGA_lite/18.1/nios2eds/bin/gnu/H-x86_64-pc-linux-gnu/bin/../lib/gcc/nios2-elf/5.3.0/../../../../../H-x86_64-pc-linux-gnu/nios2-elf/lib/libc.a(lib_a-vfprintf.o)
 .text.___vfprintf_internal_r
                0x0000000000025130     0x21f8 /home/youlittleperson/intelFPGA_lite/18.1/nios2eds/bin/gnu/H-x86_64-pc-linux-gnu/bin/../lib/gcc/nios2-elf/5.3.0/../../../../../H-x86_64-pc-linux-gnu/nios2-elf/lib/libc.a(lib_a-vfprintf.o)
                0x0000000000025130                ___vfprintf_internal_r
 .text.__vfprintf_internal
                0x0000000000027328       0x1c /home/youlittleperson/intelFPGA_lite/18.1/nios2eds/bin/gnu/H-x86_64-pc-linux-gnu/bin/../lib/gcc/nios2-elf/5.3.0/../../../../../H-x86_64-pc-linux-gnu/nios2-elf/lib/libc.a(lib_a-vfprintf.o)
                0x0000000000027328                __vfprintf_internal
 .text.__sbprintf
                0x0000000000027344       0xbc /home/youlittleperson/intelFPGA_lite/18.1/nios2eds/bin/gnu/H-x86_64-pc-linux-gnu/bin/../lib/gcc/nios2-elf/5.3.0/../../../../../H-x86_64-pc-linux-gnu/nios2-elf/lib/libc.a(lib_a-vfprintf.o)
 .text          0x0000000000027400        0x0 /home/youlittleperson/intelFPGA_lite/18.1/nios2eds/bin/gnu/H-x86_64-pc-linux-gnu/bin/../lib/gcc/nios2-elf/5.3.0/../../../../../H-x86_64-pc-linux-gnu/nios2-elf/lib/libc.a(lib_a-writer.o)
 .text._write_r
                0x0000000000027400       0x60 /home/youlittleperson/intelFPGA_lite/18.1/nios2eds/bin/gnu/H-x86_64-pc-linux-gnu/bin/../lib/gcc/nios2-elf/5.3.0/../../../../../H-x86_64-pc-linux-gnu/nios2-elf/lib/libc.a(lib_a-writer.o)
                0x0000000000027400                _write_r
 .text          0x0000000000027460        0x0 /home/youlittleperson/intelFPGA_lite/18.1/nios2eds/bin/gnu/H-x86_64-pc-linux-gnu/bin/../lib/gcc/nios2-elf/5.3.0/../../../../../H-x86_64-pc-linux-gnu/nios2-elf/lib/libc.a(lib_a-wsetup.o)
 .text.__swsetup_r
                0x0000000000027460      0x154 /home/youlittleperson/intelFPGA_lite/18.1/nios2eds/bin/gnu/H-x86_64-pc-linux-gnu/bin/../lib/gcc/nios2-elf/5.3.0/../../../../../H-x86_64-pc-linux-gnu/nios2-elf/lib/libc.a(lib_a-wsetup.o)
                0x0000000000027460                __swsetup_r
 .text          0x00000000000275b4        0x0 /home/youlittleperson/intelFPGA_lite/18.1/nios2eds/bin/gnu/H-x86_64-pc-linux-gnu/bin/../lib/gcc/nios2-elf/5.3.0/../../../../../H-x86_64-pc-linux-gnu/nios2-elf/lib/libc.a(closer.o)
 .text._close_r
                0x00000000000275b4       0x54 /home/youlittleperson/intelFPGA_lite/18.1/nios2eds/bin/gnu/H-x86_64-pc-linux-gnu/bin/../lib/gcc/nios2-elf/5.3.0/../../../../../H-x86_64-pc-linux-gnu/nios2-elf/lib/libc.a(closer.o)
                0x00000000000275b4                _close_r
 .text          0x0000000000027608        0x0 /home/youlittleperson/intelFPGA_lite/18.1/nios2eds/bin/gnu/H-x86_64-pc-linux-gnu/bin/../lib/gcc/nios2-elf/5.3.0/../../../../../H-x86_64-pc-linux-gnu/nios2-elf/lib/libc.a(lib_a-dtoa.o)
 .text.quorem   0x0000000000027608      0x200 /home/youlittleperson/intelFPGA_lite/18.1/nios2eds/bin/gnu/H-x86_64-pc-linux-gnu/bin/../lib/gcc/nios2-elf/5.3.0/../../../../../H-x86_64-pc-linux-gnu/nios2-elf/lib/libc.a(lib_a-dtoa.o)
 .text._dtoa_r  0x0000000000027808     0x1688 /home/youlittleperson/intelFPGA_lite/18.1/nios2eds/bin/gnu/H-x86_64-pc-linux-gnu/bin/../lib/gcc/nios2-elf/5.3.0/../../../../../H-x86_64-pc-linux-gnu/nios2-elf/lib/libc.a(lib_a-dtoa.o)
                0x0000000000027808                _dtoa_r
 .text          0x0000000000028e90        0x0 /home/youlittleperson/intelFPGA_lite/18.1/nios2eds/bin/gnu/H-x86_64-pc-linux-gnu/bin/../lib/gcc/nios2-elf/5.3.0/../../../../../H-x86_64-pc-linux-gnu/nios2-elf/lib/libc.a(lib_a-fflush.o)
 .text.__sflush_r
                0x0000000000028e90      0x21c /home/youlittleperson/intelFPGA_lite/18.1/nios2eds/bin/gnu/H-x86_64-pc-linux-gnu/bin/../lib/gcc/nios2-elf/5.3.0/../../../../../H-x86_64-pc-linux-gnu/nios2-elf/lib/libc.a(lib_a-fflush.o)
                0x0000000000028e90                __sflush_r
 .text._fflush_r
                0x00000000000290ac       0x5c /home/youlittleperson/intelFPGA_lite/18.1/nios2eds/bin/gnu/H-x86_64-pc-linux-gnu/bin/../lib/gcc/nios2-elf/5.3.0/../../../../../H-x86_64-pc-linux-gnu/nios2-elf/lib/libc.a(lib_a-fflush.o)
                0x00000000000290ac                _fflush_r
 .text.fflush   0x0000000000029108       0x30 /home/youlittleperson/intelFPGA_lite/18.1/nios2eds/bin/gnu/H-x86_64-pc-linux-gnu/bin/../lib/gcc/nios2-elf/5.3.0/../../../../../H-x86_64-pc-linux-gnu/nios2-elf/lib/libc.a(lib_a-fflush.o)
                0x0000000000029108                fflush
 .text          0x0000000000029138        0x0 /home/youlittleperson/intelFPGA_lite/18.1/nios2eds/bin/gnu/H-x86_64-pc-linux-gnu/bin/../lib/gcc/nios2-elf/5.3.0/../../../../../H-x86_64-pc-linux-gnu/nios2-elf/lib/libc.a(lib_a-findfp.o)
 .text.__fp_unlock
                0x0000000000029138        0x8 /home/youlittleperson/intelFPGA_lite/18.1/nios2eds/bin/gnu/H-x86_64-pc-linux-gnu/bin/../lib/gcc/nios2-elf/5.3.0/../../../../../H-x86_64-pc-linux-gnu/nios2-elf/lib/libc.a(lib_a-findfp.o)
 .text._cleanup_r
                0x0000000000029140        0xc /home/youlittleperson/intelFPGA_lite/18.1/nios2eds/bin/gnu/H-x86_64-pc-linux-gnu/bin/../lib/gcc/nios2-elf/5.3.0/../../../../../H-x86_64-pc-linux-gnu/nios2-elf/lib/libc.a(lib_a-findfp.o)
                0x0000000000029140                _cleanup_r
 .text.__sinit.part.1
                0x000000000002914c      0x19c /home/youlittleperson/intelFPGA_lite/18.1/nios2eds/bin/gnu/H-x86_64-pc-linux-gnu/bin/../lib/gcc/nios2-elf/5.3.0/../../../../../H-x86_64-pc-linux-gnu/nios2-elf/lib/libc.a(lib_a-findfp.o)
 .text.__fp_lock
                0x00000000000292e8        0x8 /home/youlittleperson/intelFPGA_lite/18.1/nios2eds/bin/gnu/H-x86_64-pc-linux-gnu/bin/../lib/gcc/nios2-elf/5.3.0/../../../../../H-x86_64-pc-linux-gnu/nios2-elf/lib/libc.a(lib_a-findfp.o)
 .text.__sfmoreglue
                0x00000000000292f0       0x68 /home/youlittleperson/intelFPGA_lite/18.1/nios2eds/bin/gnu/H-x86_64-pc-linux-gnu/bin/../lib/gcc/nios2-elf/5.3.0/../../../../../H-x86_64-pc-linux-gnu/nios2-elf/lib/libc.a(lib_a-findfp.o)
                0x00000000000292f0                __sfmoreglue
 .text.__sfp    0x0000000000029358      0x118 /home/youlittleperson/intelFPGA_lite/18.1/nios2eds/bin/gnu/H-x86_64-pc-linux-gnu/bin/../lib/gcc/nios2-elf/5.3.0/../../../../../H-x86_64-pc-linux-gnu/nios2-elf/lib/libc.a(lib_a-findfp.o)
                0x0000000000029358                __sfp
 .text._cleanup
                0x0000000000029470       0x18 /home/youlittleperson/intelFPGA_lite/18.1/nios2eds/bin/gnu/H-x86_64-pc-linux-gnu/bin/../lib/gcc/nios2-elf/5.3.0/../../../../../H-x86_64-pc-linux-gnu/nios2-elf/lib/libc.a(lib_a-findfp.o)
                0x0000000000029470                _cleanup
 .text.__sinit  0x0000000000029488       0x10 /home/youlittleperson/intelFPGA_lite/18.1/nios2eds/bin/gnu/H-x86_64-pc-linux-gnu/bin/../lib/gcc/nios2-elf/5.3.0/../../../../../H-x86_64-pc-linux-gnu/nios2-elf/lib/libc.a(lib_a-findfp.o)
                0x0000000000029488                __sinit
 .text.__sfp_lock_acquire
                0x0000000000029498        0x4 /home/youlittleperson/intelFPGA_lite/18.1/nios2eds/bin/gnu/H-x86_64-pc-linux-gnu/bin/../lib/gcc/nios2-elf/5.3.0/../../../../../H-x86_64-pc-linux-gnu/nios2-elf/lib/libc.a(lib_a-findfp.o)
                0x0000000000029498                __sfp_lock_acquire
 .text.__sfp_lock_release
                0x000000000002949c        0x4 /home/youlittleperson/intelFPGA_lite/18.1/nios2eds/bin/gnu/H-x86_64-pc-linux-gnu/bin/../lib/gcc/nios2-elf/5.3.0/../../../../../H-x86_64-pc-linux-gnu/nios2-elf/lib/libc.a(lib_a-findfp.o)
                0x000000000002949c                __sfp_lock_release
 .text.__sinit_lock_acquire
                0x00000000000294a0        0x4 /home/youlittleperson/intelFPGA_lite/18.1/nios2eds/bin/gnu/H-x86_64-pc-linux-gnu/bin/../lib/gcc/nios2-elf/5.3.0/../../../../../H-x86_64-pc-linux-gnu/nios2-elf/lib/libc.a(lib_a-findfp.o)
                0x00000000000294a0                __sinit_lock_acquire
 .text.__sinit_lock_release
                0x00000000000294a4        0x4 /home/youlittleperson/intelFPGA_lite/18.1/nios2eds/bin/gnu/H-x86_64-pc-linux-gnu/bin/../lib/gcc/nios2-elf/5.3.0/../../../../../H-x86_64-pc-linux-gnu/nios2-elf/lib/libc.a(lib_a-findfp.o)
                0x00000000000294a4                __sinit_lock_release
 .text.__fp_lock_all
                0x00000000000294a8       0x18 /home/youlittleperson/intelFPGA_lite/18.1/nios2eds/bin/gnu/H-x86_64-pc-linux-gnu/bin/../lib/gcc/nios2-elf/5.3.0/../../../../../H-x86_64-pc-linux-gnu/nios2-elf/lib/libc.a(lib_a-findfp.o)
                0x00000000000294a8                __fp_lock_all
 .text.__fp_unlock_all
                0x00000000000294c0       0x18 /home/youlittleperson/intelFPGA_lite/18.1/nios2eds/bin/gnu/H-x86_64-pc-linux-gnu/bin/../lib/gcc/nios2-elf/5.3.0/../../../../../H-x86_64-pc-linux-gnu/nios2-elf/lib/libc.a(lib_a-findfp.o)
                0x00000000000294c0                __fp_unlock_all
 .text          0x00000000000294d8        0x0 /home/youlittleperson/intelFPGA_lite/18.1/nios2eds/bin/gnu/H-x86_64-pc-linux-gnu/bin/../lib/gcc/nios2-elf/5.3.0/../../../../../H-x86_64-pc-linux-gnu/nios2-elf/lib/libc.a(lib_a-flags.o)
 .text.__sflags
                0x00000000000294d8       0xac /home/youlittleperson/intelFPGA_lite/18.1/nios2eds/bin/gnu/H-x86_64-pc-linux-gnu/bin/../lib/gcc/nios2-elf/5.3.0/../../../../../H-x86_64-pc-linux-gnu/nios2-elf/lib/libc.a(lib_a-flags.o)
                0x00000000000294d8                __sflags
 .text          0x0000000000029584        0x0 /home/youlittleperson/intelFPGA_lite/18.1/nios2eds/bin/gnu/H-x86_64-pc-linux-gnu/bin/../lib/gcc/nios2-elf/5.3.0/../../../../../H-x86_64-pc-linux-gnu/nios2-elf/lib/libc.a(lib_a-freer.o)
 .text._malloc_trim_r
                0x0000000000029584      0x124 /home/youlittleperson/intelFPGA_lite/18.1/nios2eds/bin/gnu/H-x86_64-pc-linux-gnu/bin/../lib/gcc/nios2-elf/5.3.0/../../../../../H-x86_64-pc-linux-gnu/nios2-elf/lib/libc.a(lib_a-freer.o)
                0x0000000000029584                _malloc_trim_r
 .text._free_r  0x00000000000296a8      0x310 /home/youlittleperson/intelFPGA_lite/18.1/nios2eds/bin/gnu/H-x86_64-pc-linux-gnu/bin/../lib/gcc/nios2-elf/5.3.0/../../../../../H-x86_64-pc-linux-gnu/nios2-elf/lib/libc.a(lib_a-freer.o)
                0x00000000000296a8                _free_r
 .text          0x00000000000299b8        0x0 /home/youlittleperson/intelFPGA_lite/18.1/nios2eds/bin/gnu/H-x86_64-pc-linux-gnu/bin/../lib/gcc/nios2-elf/5.3.0/../../../../../H-x86_64-pc-linux-gnu/nios2-elf/lib/libc.a(lib_a-fvwrite.o)
 .text.__sfvwrite_r
                0x00000000000299b8      0x4bc /home/youlittleperson/intelFPGA_lite/18.1/nios2eds/bin/gnu/H-x86_64-pc-linux-gnu/bin/../lib/gcc/nios2-elf/5.3.0/../../../../../H-x86_64-pc-linux-gnu/nios2-elf/lib/libc.a(lib_a-fvwrite.o)
                0x00000000000299b8                __sfvwrite_r
 .text          0x0000000000029e74        0x0 /home/youlittleperson/intelFPGA_lite/18.1/nios2eds/bin/gnu/H-x86_64-pc-linux-gnu/bin/../lib/gcc/nios2-elf/5.3.0/../../../../../H-x86_64-pc-linux-gnu/nios2-elf/lib/libc.a(lib_a-fwalk.o)
 .text._fwalk   0x0000000000029e74       0xc4 /home/youlittleperson/intelFPGA_lite/18.1/nios2eds/bin/gnu/H-x86_64-pc-linux-gnu/bin/../lib/gcc/nios2-elf/5.3.0/../../../../../H-x86_64-pc-linux-gnu/nios2-elf/lib/libc.a(lib_a-fwalk.o)
                0x0000000000029e74                _fwalk
 .text._fwalk_reent
                0x0000000000029f38       0xc4 /home/youlittleperson/intelFPGA_lite/18.1/nios2eds/bin/gnu/H-x86_64-pc-linux-gnu/bin/../lib/gcc/nios2-elf/5.3.0/../../../../../H-x86_64-pc-linux-gnu/nios2-elf/lib/libc.a(lib_a-fwalk.o)
                0x0000000000029f38                _fwalk_reent
 .text          0x0000000000029ffc        0x0 /home/youlittleperson/intelFPGA_lite/18.1/nios2eds/bin/gnu/H-x86_64-pc-linux-gnu/bin/../lib/gcc/nios2-elf/5.3.0/../../../../../H-x86_64-pc-linux-gnu/nios2-elf/lib/libc.a(lib_a-isattyr.o)
 .text._isatty_r
                0x0000000000029ffc       0x54 /home/youlittleperson/intelFPGA_lite/18.1/nios2eds/bin/gnu/H-x86_64-pc-linux-gnu/bin/../lib/gcc/nios2-elf/5.3.0/../../../../../H-x86_64-pc-linux-gnu/nios2-elf/lib/libc.a(lib_a-isattyr.o)
                0x0000000000029ffc                _isatty_r
 .text          0x000000000002a050        0x0 /home/youlittleperson/intelFPGA_lite/18.1/nios2eds/bin/gnu/H-x86_64-pc-linux-gnu/bin/../lib/gcc/nios2-elf/5.3.0/../../../../../H-x86_64-pc-linux-gnu/nios2-elf/lib/libc.a(lib_a-locale.o)
 .text._setlocale_r
                0x000000000002a050       0x7c /home/youlittleperson/intelFPGA_lite/18.1/nios2eds/bin/gnu/H-x86_64-pc-linux-gnu/bin/../lib/gcc/nios2-elf/5.3.0/../../../../../H-x86_64-pc-linux-gnu/nios2-elf/lib/libc.a(lib_a-locale.o)
                0x000000000002a050                _setlocale_r
 .text.__locale_charset
                0x000000000002a0cc        0xc /home/youlittleperson/intelFPGA_lite/18.1/nios2eds/bin/gnu/H-x86_64-pc-linux-gnu/bin/../lib/gcc/nios2-elf/5.3.0/../../../../../H-x86_64-pc-linux-gnu/nios2-elf/lib/libc.a(lib_a-locale.o)
                0x000000000002a0cc                __locale_charset
 .text.__locale_mb_cur_max
                0x000000000002a0d8       0x10 /home/youlittleperson/intelFPGA_lite/18.1/nios2eds/bin/gnu/H-x86_64-pc-linux-gnu/bin/../lib/gcc/nios2-elf/5.3.0/../../../../../H-x86_64-pc-linux-gnu/nios2-elf/lib/libc.a(lib_a-locale.o)
                0x000000000002a0d8                __locale_mb_cur_max
 .text.__locale_msgcharset
                0x000000000002a0e8        0xc /home/youlittleperson/intelFPGA_lite/18.1/nios2eds/bin/gnu/H-x86_64-pc-linux-gnu/bin/../lib/gcc/nios2-elf/5.3.0/../../../../../H-x86_64-pc-linux-gnu/nios2-elf/lib/libc.a(lib_a-locale.o)
                0x000000000002a0e8                __locale_msgcharset
 .text.__locale_cjk_lang
                0x000000000002a0f4        0x8 /home/youlittleperson/intelFPGA_lite/18.1/nios2eds/bin/gnu/H-x86_64-pc-linux-gnu/bin/../lib/gcc/nios2-elf/5.3.0/../../../../../H-x86_64-pc-linux-gnu/nios2-elf/lib/libc.a(lib_a-locale.o)
                0x000000000002a0f4                __locale_cjk_lang
 .text._localeconv_r
                0x000000000002a0fc        0xc /home/youlittleperson/intelFPGA_lite/18.1/nios2eds/bin/gnu/H-x86_64-pc-linux-gnu/bin/../lib/gcc/nios2-elf/5.3.0/../../../../../H-x86_64-pc-linux-gnu/nios2-elf/lib/libc.a(lib_a-locale.o)
                0x000000000002a0fc                _localeconv_r
 .text.setlocale
                0x000000000002a108       0x18 /home/youlittleperson/intelFPGA_lite/18.1/nios2eds/bin/gnu/H-x86_64-pc-linux-gnu/bin/../lib/gcc/nios2-elf/5.3.0/../../../../../H-x86_64-pc-linux-gnu/nios2-elf/lib/libc.a(lib_a-locale.o)
                0x000000000002a108                setlocale
 .text.localeconv
                0x000000000002a120        0xc /home/youlittleperson/intelFPGA_lite/18.1/nios2eds/bin/gnu/H-x86_64-pc-linux-gnu/bin/../lib/gcc/nios2-elf/5.3.0/../../../../../H-x86_64-pc-linux-gnu/nios2-elf/lib/libc.a(lib_a-locale.o)
                0x000000000002a120                localeconv
 .text          0x000000000002a12c        0x0 /home/youlittleperson/intelFPGA_lite/18.1/nios2eds/bin/gnu/H-x86_64-pc-linux-gnu/bin/../lib/gcc/nios2-elf/5.3.0/../../../../../H-x86_64-pc-linux-gnu/nios2-elf/lib/libc.a(lib_a-lseekr.o)
 .text._lseek_r
                0x000000000002a12c       0x60 /home/youlittleperson/intelFPGA_lite/18.1/nios2eds/bin/gnu/H-x86_64-pc-linux-gnu/bin/../lib/gcc/nios2-elf/5.3.0/../../../../../H-x86_64-pc-linux-gnu/nios2-elf/lib/libc.a(lib_a-lseekr.o)
                0x000000000002a12c                _lseek_r
 .text          0x000000000002a18c        0x0 /home/youlittleperson/intelFPGA_lite/18.1/nios2eds/bin/gnu/H-x86_64-pc-linux-gnu/bin/../lib/gcc/nios2-elf/5.3.0/../../../../../H-x86_64-pc-linux-gnu/nios2-elf/lib/libc.a(lib_a-memchr.o)
 .text.memchr   0x000000000002a18c       0xe4 /home/youlittleperson/intelFPGA_lite/18.1/nios2eds/bin/gnu/H-x86_64-pc-linux-gnu/bin/../lib/gcc/nios2-elf/5.3.0/../../../../../H-x86_64-pc-linux-gnu/nios2-elf/lib/libc.a(lib_a-memchr.o)
                0x000000000002a18c                memchr
 .text          0x000000000002a270        0x0 /home/youlittleperson/intelFPGA_lite/18.1/nios2eds/bin/gnu/H-x86_64-pc-linux-gnu/bin/../lib/gcc/nios2-elf/5.3.0/../../../../../H-x86_64-pc-linux-gnu/nios2-elf/lib/libc.a(lib_a-memcpy.o)
 .text.memcpy   0x000000000002a270      0x148 /home/youlittleperson/intelFPGA_lite/18.1/nios2eds/bin/gnu/H-x86_64-pc-linux-gnu/bin/../lib/gcc/nios2-elf/5.3.0/../../../../../H-x86_64-pc-linux-gnu/nios2-elf/lib/libc.a(lib_a-memcpy.o)
                0x000000000002a270                memcpy
 .text          0x000000000002a3b8        0x0 /home/youlittleperson/intelFPGA_lite/18.1/nios2eds/bin/gnu/H-x86_64-pc-linux-gnu/bin/../lib/gcc/nios2-elf/5.3.0/../../../../../H-x86_64-pc-linux-gnu/nios2-elf/lib/libc.a(lib_a-memmove.o)
 .text.memmove  0x000000000002a3b8      0x15c /home/youlittleperson/intelFPGA_lite/18.1/nios2eds/bin/gnu/H-x86_64-pc-linux-gnu/bin/../lib/gcc/nios2-elf/5.3.0/../../../../../H-x86_64-pc-linux-gnu/nios2-elf/lib/libc.a(lib_a-memmove.o)
                0x000000000002a3b8                memmove
 .text          0x000000000002a514        0x0 /home/youlittleperson/intelFPGA_lite/18.1/nios2eds/bin/gnu/H-x86_64-pc-linux-gnu/bin/../lib/gcc/nios2-elf/5.3.0/../../../../../H-x86_64-pc-linux-gnu/nios2-elf/lib/libc.a(lib_a-mprec.o)
 .text._Balloc  0x000000000002a514       0xa8 /home/youlittleperson/intelFPGA_lite/18.1/nios2eds/bin/gnu/H-x86_64-pc-linux-gnu/bin/../lib/gcc/nios2-elf/5.3.0/../../../../../H-x86_64-pc-linux-gnu/nios2-elf/lib/libc.a(lib_a-mprec.o)
                0x000000000002a514                _Balloc
 .text._Bfree   0x000000000002a5bc       0x28 /home/youlittleperson/intelFPGA_lite/18.1/nios2eds/bin/gnu/H-x86_64-pc-linux-gnu/bin/../lib/gcc/nios2-elf/5.3.0/../../../../../H-x86_64-pc-linux-gnu/nios2-elf/lib/libc.a(lib_a-mprec.o)
                0x000000000002a5bc                _Bfree
 .text.__multadd
                0x000000000002a5e4      0x120 /home/youlittleperson/intelFPGA_lite/18.1/nios2eds/bin/gnu/H-x86_64-pc-linux-gnu/bin/../lib/gcc/nios2-elf/5.3.0/../../../../../H-x86_64-pc-linux-gnu/nios2-elf/lib/libc.a(lib_a-mprec.o)
                0x000000000002a5e4                __multadd
 .text.__s2b    0x000000000002a704      0x104 /home/youlittleperson/intelFPGA_lite/18.1/nios2eds/bin/gnu/H-x86_64-pc-linux-gnu/bin/../lib/gcc/nios2-elf/5.3.0/../../../../../H-x86_64-pc-linux-gnu/nios2-elf/lib/libc.a(lib_a-mprec.o)
                0x000000000002a704                __s2b
 .text.__hi0bits
                0x000000000002a808       0x68 /home/youlittleperson/intelFPGA_lite/18.1/nios2eds/bin/gnu/H-x86_64-pc-linux-gnu/bin/../lib/gcc/nios2-elf/5.3.0/../../../../../H-x86_64-pc-linux-gnu/nios2-elf/lib/libc.a(lib_a-mprec.o)
                0x000000000002a808                __hi0bits
 .text.__lo0bits
                0x000000000002a870       0xb0 /home/youlittleperson/intelFPGA_lite/18.1/nios2eds/bin/gnu/H-x86_64-pc-linux-gnu/bin/../lib/gcc/nios2-elf/5.3.0/../../../../../H-x86_64-pc-linux-gnu/nios2-elf/lib/libc.a(lib_a-mprec.o)
                0x000000000002a870                __lo0bits
 .text.__i2b    0x000000000002a920       0x3c /home/youlittleperson/intelFPGA_lite/18.1/nios2eds/bin/gnu/H-x86_64-pc-linux-gnu/bin/../lib/gcc/nios2-elf/5.3.0/../../../../../H-x86_64-pc-linux-gnu/nios2-elf/lib/libc.a(lib_a-mprec.o)
                0x000000000002a920                __i2b
 .text.__multiply
                0x000000000002a95c      0x1f8 /home/youlittleperson/intelFPGA_lite/18.1/nios2eds/bin/gnu/H-x86_64-pc-linux-gnu/bin/../lib/gcc/nios2-elf/5.3.0/../../../../../H-x86_64-pc-linux-gnu/nios2-elf/lib/libc.a(lib_a-mprec.o)
                0x000000000002a95c                __multiply
 .text.__pow5mult
                0x000000000002ab54      0x140 /home/youlittleperson/intelFPGA_lite/18.1/nios2eds/bin/gnu/H-x86_64-pc-linux-gnu/bin/../lib/gcc/nios2-elf/5.3.0/../../../../../H-x86_64-pc-linux-gnu/nios2-elf/lib/libc.a(lib_a-mprec.o)
                0x000000000002ab54                __pow5mult
 .text.__lshift
                0x000000000002ac94      0x148 /home/youlittleperson/intelFPGA_lite/18.1/nios2eds/bin/gnu/H-x86_64-pc-linux-gnu/bin/../lib/gcc/nios2-elf/5.3.0/../../../../../H-x86_64-pc-linux-gnu/nios2-elf/lib/libc.a(lib_a-mprec.o)
                0x000000000002ac94                __lshift
 .text.__mcmp   0x000000000002addc       0x60 /home/youlittleperson/intelFPGA_lite/18.1/nios2eds/bin/gnu/H-x86_64-pc-linux-gnu/bin/../lib/gcc/nios2-elf/5.3.0/../../../../../H-x86_64-pc-linux-gnu/nios2-elf/lib/libc.a(lib_a-mprec.o)
                0x000000000002addc                __mcmp
 .text.__mdiff  0x000000000002ae3c      0x1fc /home/youlittleperson/intelFPGA_lite/18.1/nios2eds/bin/gnu/H-x86_64-pc-linux-gnu/bin/../lib/gcc/nios2-elf/5.3.0/../../../../../H-x86_64-pc-linux-gnu/nios2-elf/lib/libc.a(lib_a-mprec.o)
                0x000000000002ae3c                __mdiff
 .text.__ulp    0x000000000002b038       0x64 /home/youlittleperson/intelFPGA_lite/18.1/nios2eds/bin/gnu/H-x86_64-pc-linux-gnu/bin/../lib/gcc/nios2-elf/5.3.0/../../../../../H-x86_64-pc-linux-gnu/nios2-elf/lib/libc.a(lib_a-mprec.o)
                0x000000000002b038                __ulp
 .text.__b2d    0x000000000002b09c      0x10c /home/youlittleperson/intelFPGA_lite/18.1/nios2eds/bin/gnu/H-x86_64-pc-linux-gnu/bin/../lib/gcc/nios2-elf/5.3.0/../../../../../H-x86_64-pc-linux-gnu/nios2-elf/lib/libc.a(lib_a-mprec.o)
                0x000000000002b09c                __b2d
 .text.__d2b    0x000000000002b1a8      0x14c /home/youlittleperson/intelFPGA_lite/18.1/nios2eds/bin/gnu/H-x86_64-pc-linux-gnu/bin/../lib/gcc/nios2-elf/5.3.0/../../../../../H-x86_64-pc-linux-gnu/nios2-elf/lib/libc.a(lib_a-mprec.o)
                0x000000000002b1a8                __d2b
 .text.__ratio  0x000000000002b2f4       0xa4 /home/youlittleperson/intelFPGA_lite/18.1/nios2eds/bin/gnu/H-x86_64-pc-linux-gnu/bin/../lib/gcc/nios2-elf/5.3.0/../../../../../H-x86_64-pc-linux-gnu/nios2-elf/lib/libc.a(lib_a-mprec.o)
                0x000000000002b2f4                __ratio
 .text._mprec_log10
                0x000000000002b398       0x74 /home/youlittleperson/intelFPGA_lite/18.1/nios2eds/bin/gnu/H-x86_64-pc-linux-gnu/bin/../lib/gcc/nios2-elf/5.3.0/../../../../../H-x86_64-pc-linux-gnu/nios2-elf/lib/libc.a(lib_a-mprec.o)
                0x000000000002b398                _mprec_log10
 .text.__copybits
                0x000000000002b40c       0x78 /home/youlittleperson/intelFPGA_lite/18.1/nios2eds/bin/gnu/H-x86_64-pc-linux-gnu/bin/../lib/gcc/nios2-elf/5.3.0/../../../../../H-x86_64-pc-linux-gnu/nios2-elf/lib/libc.a(lib_a-mprec.o)
                0x000000000002b40c                __copybits
 .text.__any_on
                0x000000000002b484       0x8c /home/youlittleperson/intelFPGA_lite/18.1/nios2eds/bin/gnu/H-x86_64-pc-linux-gnu/bin/../lib/gcc/nios2-elf/5.3.0/../../../../../H-x86_64-pc-linux-gnu/nios2-elf/lib/libc.a(lib_a-mprec.o)
                0x000000000002b484                __any_on
 .text          0x000000000002b510        0x0 /home/youlittleperson/intelFPGA_lite/18.1/nios2eds/bin/gnu/H-x86_64-pc-linux-gnu/bin/../lib/gcc/nios2-elf/5.3.0/../../../../../H-x86_64-pc-linux-gnu/nios2-elf/lib/libc.a(lib_a-putc.o)
 .text._putc_r  0x000000000002b510       0xa0 /home/youlittleperson/intelFPGA_lite/18.1/nios2eds/bin/gnu/H-x86_64-pc-linux-gnu/bin/../lib/gcc/nios2-elf/5.3.0/../../../../../H-x86_64-pc-linux-gnu/nios2-elf/lib/libc.a(lib_a-putc.o)
                0x000000000002b510                _putc_r
 .text.putc     0x000000000002b5b0       0xc8 /home/youlittleperson/intelFPGA_lite/18.1/nios2eds/bin/gnu/H-x86_64-pc-linux-gnu/bin/../lib/gcc/nios2-elf/5.3.0/../../../../../H-x86_64-pc-linux-gnu/nios2-elf/lib/libc.a(lib_a-putc.o)
                0x000000000002b5b0                putc
 .text          0x000000000002b678        0x0 /home/youlittleperson/intelFPGA_lite/18.1/nios2eds/bin/gnu/H-x86_64-pc-linux-gnu/bin/../lib/gcc/nios2-elf/5.3.0/../../../../../H-x86_64-pc-linux-gnu/nios2-elf/lib/libc.a(lib_a-readr.o)
 .text._read_r  0x000000000002b678       0x60 /home/youlittleperson/intelFPGA_lite/18.1/nios2eds/bin/gnu/H-x86_64-pc-linux-gnu/bin/../lib/gcc/nios2-elf/5.3.0/../../../../../H-x86_64-pc-linux-gnu/nios2-elf/lib/libc.a(lib_a-readr.o)
                0x000000000002b678                _read_r
 .text          0x000000000002b6d8        0x0 /home/youlittleperson/intelFPGA_lite/18.1/nios2eds/bin/gnu/H-x86_64-pc-linux-gnu/bin/../lib/gcc/nios2-elf/5.3.0/../../../../../H-x86_64-pc-linux-gnu/nios2-elf/lib/libc.a(lib_a-reallocr.o)
 .text._realloc_r
                0x000000000002b6d8      0x564 /home/youlittleperson/intelFPGA_lite/18.1/nios2eds/bin/gnu/H-x86_64-pc-linux-gnu/bin/../lib/gcc/nios2-elf/5.3.0/../../../../../H-x86_64-pc-linux-gnu/nios2-elf/lib/libc.a(lib_a-reallocr.o)
                0x000000000002b6d8                _realloc_r
 .text          0x000000000002bc3c        0x0 /home/youlittleperson/intelFPGA_lite/18.1/nios2eds/bin/gnu/H-x86_64-pc-linux-gnu/bin/../lib/gcc/nios2-elf/5.3.0/../../../../../H-x86_64-pc-linux-gnu/nios2-elf/lib/libc.a(lib_a-s_fpclassify.o)
 .text.__fpclassifyd
                0x000000000002bc3c       0x74 /home/youlittleperson/intelFPGA_lite/18.1/nios2eds/bin/gnu/H-x86_64-pc-linux-gnu/bin/../lib/gcc/nios2-elf/5.3.0/../../../../../H-x86_64-pc-linux-gnu/nios2-elf/lib/libc.a(lib_a-s_fpclassify.o)
                0x000000000002bc3c                __fpclassifyd
 .text          0x000000000002bcb0        0x0 /home/youlittleperson/intelFPGA_lite/18.1/nios2eds/bin/gnu/H-x86_64-pc-linux-gnu/bin/../lib/gcc/nios2-elf/5.3.0/../../../../../H-x86_64-pc-linux-gnu/nios2-elf/lib/libc.a(lib_a-strcmp.o)
 .text.strcmp   0x000000000002bcb0       0xdc /home/youlittleperson/intelFPGA_lite/18.1/nios2eds/bin/gnu/H-x86_64-pc-linux-gnu/bin/../lib/gcc/nios2-elf/5.3.0/../../../../../H-x86_64-pc-linux-gnu/nios2-elf/lib/libc.a(lib_a-strcmp.o)
                0x000000000002bcb0                strcmp
 .text          0x000000000002bd8c        0x0 /home/youlittleperson/intelFPGA_lite/18.1/nios2eds/bin/gnu/H-x86_64-pc-linux-gnu/bin/../lib/gcc/nios2-elf/5.3.0/../../../../../H-x86_64-pc-linux-gnu/nios2-elf/lib/libc.a(lib_a-vfiprintf.o)
 .text.__sprint_r.part.0
                0x000000000002bd8c       0xfc /home/youlittleperson/intelFPGA_lite/18.1/nios2eds/bin/gnu/H-x86_64-pc-linux-gnu/bin/../lib/gcc/nios2-elf/5.3.0/../../../../../H-x86_64-pc-linux-gnu/nios2-elf/lib/libc.a(lib_a-vfiprintf.o)
 .text.__sprint_r
                0x000000000002be88       0x18 /home/youlittleperson/intelFPGA_lite/18.1/nios2eds/bin/gnu/H-x86_64-pc-linux-gnu/bin/../lib/gcc/nios2-elf/5.3.0/../../../../../H-x86_64-pc-linux-gnu/nios2-elf/lib/libc.a(lib_a-vfiprintf.o)
                0x000000000002be88                __sprint_r
 .text.___vfiprintf_internal_r
                0x000000000002bea0     0x145c /home/youlittleperson/intelFPGA_lite/18.1/nios2eds/bin/gnu/H-x86_64-pc-linux-gnu/bin/../lib/gcc/nios2-elf/5.3.0/../../../../../H-x86_64-pc-linux-gnu/nios2-elf/lib/libc.a(lib_a-vfiprintf.o)
                0x000000000002bea0                ___vfiprintf_internal_r
 .text.__vfiprintf_internal
                0x000000000002d2fc       0x1c /home/youlittleperson/intelFPGA_lite/18.1/nios2eds/bin/gnu/H-x86_64-pc-linux-gnu/bin/../lib/gcc/nios2-elf/5.3.0/../../../../../H-x86_64-pc-linux-gnu/nios2-elf/lib/libc.a(lib_a-vfiprintf.o)
                0x000000000002d2fc                __vfiprintf_internal
 .text.__sbprintf
                0x000000000002d318       0xbc /home/youlittleperson/intelFPGA_lite/18.1/nios2eds/bin/gnu/H-x86_64-pc-linux-gnu/bin/../lib/gcc/nios2-elf/5.3.0/../../../../../H-x86_64-pc-linux-gnu/nios2-elf/lib/libc.a(lib_a-vfiprintf.o)
 .text          0x000000000002d3d4        0x0 /home/youlittleperson/intelFPGA_lite/18.1/nios2eds/bin/gnu/H-x86_64-pc-linux-gnu/bin/../lib/gcc/nios2-elf/5.3.0/../../../../../H-x86_64-pc-linux-gnu/nios2-elf/lib/libc.a(lib_a-wbuf.o)
 .text.__swbuf_r
                0x000000000002d3d4      0x140 /home/youlittleperson/intelFPGA_lite/18.1/nios2eds/bin/gnu/H-x86_64-pc-linux-gnu/bin/../lib/gcc/nios2-elf/5.3.0/../../../../../H-x86_64-pc-linux-gnu/nios2-elf/lib/libc.a(lib_a-wbuf.o)
                0x000000000002d3d4                __swbuf_r
 .text.__swbuf  0x000000000002d514       0x18 /home/youlittleperson/intelFPGA_lite/18.1/nios2eds/bin/gnu/H-x86_64-pc-linux-gnu/bin/../lib/gcc/nios2-elf/5.3.0/../../../../../H-x86_64-pc-linux-gnu/nios2-elf/lib/libc.a(lib_a-wbuf.o)
                0x000000000002d514                __swbuf
 .text          0x000000000002d52c        0x0 /home/youlittleperson/intelFPGA_lite/18.1/nios2eds/bin/gnu/H-x86_64-pc-linux-gnu/bin/../lib/gcc/nios2-elf/5.3.0/../../../../../H-x86_64-pc-linux-gnu/nios2-elf/lib/libc.a(lib_a-callocr.o)
 .text._calloc_r
                0x000000000002d52c       0xc4 /home/youlittleperson/intelFPGA_lite/18.1/nios2eds/bin/gnu/H-x86_64-pc-linux-gnu/bin/../lib/gcc/nios2-elf/5.3.0/../../../../../H-x86_64-pc-linux-gnu/nios2-elf/lib/libc.a(lib_a-callocr.o)
                0x000000000002d52c                _calloc_r
 .text          0x000000000002d5f0        0x0 /home/youlittleperson/intelFPGA_lite/18.1/nios2eds/bin/gnu/H-x86_64-pc-linux-gnu/bin/../lib/gcc/nios2-elf/5.3.0/../../../../../H-x86_64-pc-linux-gnu/nios2-elf/lib/libc.a(lib_a-fclose.o)
 .text._fclose_r
                0x000000000002d5f0       0xf0 /home/youlittleperson/intelFPGA_lite/18.1/nios2eds/bin/gnu/H-x86_64-pc-linux-gnu/bin/../lib/gcc/nios2-elf/5.3.0/../../../../../H-x86_64-pc-linux-gnu/nios2-elf/lib/libc.a(lib_a-fclose.o)
                0x000000000002d5f0                _fclose_r
 .text.fclose   0x000000000002d6e0       0x14 /home/youlittleperson/intelFPGA_lite/18.1/nios2eds/bin/gnu/H-x86_64-pc-linux-gnu/bin/../lib/gcc/nios2-elf/5.3.0/../../../../../H-x86_64-pc-linux-gnu/nios2-elf/lib/libc.a(lib_a-fclose.o)
                0x000000000002d6e0                fclose
 .text          0x000000000002d6f4        0x0 /home/youlittleperson/intelFPGA_lite/18.1/nios2eds/bin/gnu/H-x86_64-pc-linux-gnu/bin/../lib/gcc/nios2-elf/5.3.0/../../../../../H-x86_64-pc-linux-gnu/nios2-elf/lib/libc.a(lib_a-fputwc.o)
 .text.__fputwc
                0x000000000002d6f4      0x164 /home/youlittleperson/intelFPGA_lite/18.1/nios2eds/bin/gnu/H-x86_64-pc-linux-gnu/bin/../lib/gcc/nios2-elf/5.3.0/../../../../../H-x86_64-pc-linux-gnu/nios2-elf/lib/libc.a(lib_a-fputwc.o)
                0x000000000002d6f4                __fputwc
 .text._fputwc_r
                0x000000000002d858       0x24 /home/youlittleperson/intelFPGA_lite/18.1/nios2eds/bin/gnu/H-x86_64-pc-linux-gnu/bin/../lib/gcc/nios2-elf/5.3.0/../../../../../H-x86_64-pc-linux-gnu/nios2-elf/lib/libc.a(lib_a-fputwc.o)
                0x000000000002d858                _fputwc_r
 .text.fputwc   0x000000000002d87c       0x80 /home/youlittleperson/intelFPGA_lite/18.1/nios2eds/bin/gnu/H-x86_64-pc-linux-gnu/bin/../lib/gcc/nios2-elf/5.3.0/../../../../../H-x86_64-pc-linux-gnu/nios2-elf/lib/libc.a(lib_a-fputwc.o)
                0x000000000002d87c                fputwc
 .text          0x000000000002d8fc        0x0 /home/youlittleperson/intelFPGA_lite/18.1/nios2eds/bin/gnu/H-x86_64-pc-linux-gnu/bin/../lib/gcc/nios2-elf/5.3.0/../../../../../H-x86_64-pc-linux-gnu/nios2-elf/lib/libc.a(lib_a-wcrtomb.o)
 .text._wcrtomb_r
                0x000000000002d8fc       0x9c /home/youlittleperson/intelFPGA_lite/18.1/nios2eds/bin/gnu/H-x86_64-pc-linux-gnu/bin/../lib/gcc/nios2-elf/5.3.0/../../../../../H-x86_64-pc-linux-gnu/nios2-elf/lib/libc.a(lib_a-wcrtomb.o)
                0x000000000002d8fc                _wcrtomb_r
 .text.wcrtomb  0x000000000002d998       0xc0 /home/youlittleperson/intelFPGA_lite/18.1/nios2eds/bin/gnu/H-x86_64-pc-linux-gnu/bin/../lib/gcc/nios2-elf/5.3.0/../../../../../H-x86_64-pc-linux-gnu/nios2-elf/lib/libc.a(lib_a-wcrtomb.o)
                0x000000000002d998                wcrtomb
 .text          0x000000000002da58        0x0 /home/youlittleperson/intelFPGA_lite/18.1/nios2eds/bin/gnu/H-x86_64-pc-linux-gnu/bin/../lib/gcc/nios2-elf/5.3.0/../../../../../H-x86_64-pc-linux-gnu/nios2-elf/lib/libc.a(lib_a-wctomb_r.o)
 .text.__ascii_wctomb
                0x000000000002da58       0x30 /home/youlittleperson/intelFPGA_lite/18.1/nios2eds/bin/gnu/H-x86_64-pc-linux-gnu/bin/../lib/gcc/nios2-elf/5.3.0/../../../../../H-x86_64-pc-linux-gnu/nios2-elf/lib/libc.a(lib_a-wctomb_r.o)
                0x000000000002da58                __ascii_wctomb
 .text._wctomb_r
                0x000000000002da88       0x5c /home/youlittleperson/intelFPGA_lite/18.1/nios2eds/bin/gnu/H-x86_64-pc-linux-gnu/bin/../lib/gcc/nios2-elf/5.3.0/../../../../../H-x86_64-pc-linux-gnu/nios2-elf/lib/libc.a(lib_a-wctomb_r.o)
                0x000000000002da88                _wctomb_r
 .text          0x000000000002dae4      0x578 /home/youlittleperson/intelFPGA_lite/18.1/nios2eds/bin/gnu/H-x86_64-pc-linux-gnu/bin/../lib/gcc/nios2-elf/5.3.0/libgcc.a(_udivdi3.o)
                0x000000000002dae4                __udivdi3
 .text          0x000000000002e05c      0x538 /home/youlittleperson/intelFPGA_lite/18.1/nios2eds/bin/gnu/H-x86_64-pc-linux-gnu/bin/../lib/gcc/nios2-elf/5.3.0/libgcc.a(_umoddi3.o)
                0x000000000002e05c                __umoddi3
 .text          0x000000000002e594      0x8ac /home/youlittleperson/intelFPGA_lite/18.1/nios2eds/bin/gnu/H-x86_64-pc-linux-gnu/bin/../lib/gcc/nios2-elf/5.3.0/libgcc.a(adddf3.o)
                0x000000000002e594                __adddf3
 .text          0x000000000002ee40      0x8e8 /home/youlittleperson/intelFPGA_lite/18.1/nios2eds/bin/gnu/H-x86_64-pc-linux-gnu/bin/../lib/gcc/nios2-elf/5.3.0/libgcc.a(divdf3.o)
                0x000000000002ee40                __divdf3
 .text          0x000000000002f728       0x88 /home/youlittleperson/intelFPGA_lite/18.1/nios2eds/bin/gnu/H-x86_64-pc-linux-gnu/bin/../lib/gcc/nios2-elf/5.3.0/libgcc.a(eqdf2.o)
                0x000000000002f728                __eqdf2
                0x000000000002f728                __nedf2
 .text          0x000000000002f7b0       0xdc /home/youlittleperson/intelFPGA_lite/18.1/nios2eds/bin/gnu/H-x86_64-pc-linux-gnu/bin/../lib/gcc/nios2-elf/5.3.0/libgcc.a(gedf2.o)
                0x000000000002f7b0                __gtdf2
                0x000000000002f7b0                __gedf2
 .text          0x000000000002f88c       0xf4 /home/youlittleperson/intelFPGA_lite/18.1/nios2eds/bin/gnu/H-x86_64-pc-linux-gnu/bin/../lib/gcc/nios2-elf/5.3.0/libgcc.a(ledf2.o)
                0x000000000002f88c                __ltdf2
                0x000000000002f88c                __ledf2
 .text          0x000000000002f980      0x718 /home/youlittleperson/intelFPGA_lite/18.1/nios2eds/bin/gnu/H-x86_64-pc-linux-gnu/bin/../lib/gcc/nios2-elf/5.3.0/libgcc.a(muldf3.o)
                0x000000000002f980                __muldf3
 .text          0x0000000000030098      0x8fc /home/youlittleperson/intelFPGA_lite/18.1/nios2eds/bin/gnu/H-x86_64-pc-linux-gnu/bin/../lib/gcc/nios2-elf/5.3.0/libgcc.a(subdf3.o)
                0x0000000000030098                __subdf3
 .text          0x0000000000030994       0x80 /home/youlittleperson/intelFPGA_lite/18.1/nios2eds/bin/gnu/H-x86_64-pc-linux-gnu/bin/../lib/gcc/nios2-elf/5.3.0/libgcc.a(fixdfsi.o)
                0x0000000000030994                __fixdfsi
 .text          0x0000000000030a14       0xdc /home/youlittleperson/intelFPGA_lite/18.1/nios2eds/bin/gnu/H-x86_64-pc-linux-gnu/bin/../lib/gcc/nios2-elf/5.3.0/libgcc.a(floatsidf.o)
                0x0000000000030a14                __floatsidf
 .text          0x0000000000030af0       0xa8 /home/youlittleperson/intelFPGA_lite/18.1/nios2eds/bin/gnu/H-x86_64-pc-linux-gnu/bin/../lib/gcc/nios2-elf/5.3.0/libgcc.a(floatunsidf.o)
                0x0000000000030af0                __floatunsidf
 .text          0x0000000000030b98      0x120 ../D8M_Camera_Test_bsp//libhal_bsp.a(alt_close.o)
                0x0000000000030be8                close
 .text          0x0000000000030cb8       0x2c ../D8M_Camera_Test_bsp//libhal_bsp.a(alt_dev.o)
 .text          0x0000000000030ce4        0x0 ../D8M_Camera_Test_bsp//libhal_bsp.a(alt_errno.o)
 .text          0x0000000000030ce4      0x170 ../D8M_Camera_Test_bsp//libhal_bsp.a(alt_fcntl.o)
                0x0000000000030d34                fcntl
 .text          0x0000000000030e54      0x100 ../D8M_Camera_Test_bsp//libhal_bsp.a(alt_fstat.o)
                0x0000000000030ea4                fstat
 .text          0x0000000000030f54       0xf4 ../D8M_Camera_Test_bsp//libhal_bsp.a(alt_isatty.o)
                0x0000000000030fa4                isatty
 .text          0x0000000000031048       0xec ../D8M_Camera_Test_bsp//libhal_bsp.a(alt_load.o)
                0x00000000000310b0                alt_load
 .text          0x0000000000031134      0x124 ../D8M_Camera_Test_bsp//libhal_bsp.a(alt_lseek.o)
                0x0000000000031184                lseek
 .text          0x0000000000031258       0x7c ../D8M_Camera_Test_bsp//libhal_bsp.a(alt_main.o)
                0x0000000000031258                alt_main
 .text          0x00000000000312d4       0x48 ../D8M_Camera_Test_bsp//libhal_bsp.a(alt_malloc_lock.o)
                0x00000000000312d4                __malloc_lock
                0x00000000000312f8                __malloc_unlock
 .text          0x000000000003131c      0x274 ../D8M_Camera_Test_bsp//libhal_bsp.a(alt_open.o)
                0x0000000000031438                open
 .text          0x0000000000031590      0x14c ../D8M_Camera_Test_bsp//libhal_bsp.a(alt_read.o)
                0x00000000000315e0                read
 .text          0x00000000000316dc       0x64 ../D8M_Camera_Test_bsp//libhal_bsp.a(alt_release_fd.o)
                0x00000000000316dc                alt_release_fd
 .text          0x0000000000031740       0xb0 ../D8M_Camera_Test_bsp//libhal_bsp.a(alt_sbrk.o)
                0x0000000000031740                sbrk
 .text          0x00000000000317f0      0x1a4 ../D8M_Camera_Test_bsp//libhal_bsp.a(alt_tick.o)
                0x00000000000317f0                alt_alarm_stop
                0x000000000003188c                alt_tick
 .text          0x0000000000031994       0x30 ../D8M_Camera_Test_bsp//libhal_bsp.a(alt_usleep.o)
                0x0000000000031994                usleep
 .text          0x00000000000319c4      0x148 ../D8M_Camera_Test_bsp//libhal_bsp.a(alt_write.o)
                0x0000000000031a14                write
 .text          0x0000000000031b0c       0xf4 ../D8M_Camera_Test_bsp//libhal_bsp.a(alt_sys_init.o)
                0x0000000000031b44                alt_irq_init
                0x0000000000031b7c                alt_sys_init
 .text          0x0000000000031c00      0x164 ../D8M_Camera_Test_bsp//libhal_bsp.a(altera_avalon_jtag_uart_fd.o)
                0x0000000000031c00                altera_avalon_jtag_uart_read_fd
                0x0000000000031c60                altera_avalon_jtag_uart_write_fd
                0x0000000000031cc0                altera_avalon_jtag_uart_close_fd
                0x0000000000031d10                altera_avalon_jtag_uart_ioctl_fd
 .text          0x0000000000031d64      0x3e4 ../D8M_Camera_Test_bsp//libhal_bsp.a(altera_avalon_jtag_uart_init.o)
                0x0000000000031d64                altera_avalon_jtag_uart_init
                0x00000000000320e0                altera_avalon_jtag_uart_close
 .text          0x0000000000032148       0xf0 ../D8M_Camera_Test_bsp//libhal_bsp.a(altera_avalon_jtag_uart_ioctl.o)
                0x0000000000032148                altera_avalon_jtag_uart_ioctl
 .text          0x0000000000032238      0x21c ../D8M_Camera_Test_bsp//libhal_bsp.a(altera_avalon_jtag_uart_read.o)
                0x0000000000032238                altera_avalon_jtag_uart_read
 .text          0x0000000000032454      0x224 ../D8M_Camera_Test_bsp//libhal_bsp.a(altera_avalon_jtag_uart_write.o)
                0x0000000000032454                altera_avalon_jtag_uart_write
 .text          0x0000000000032678      0x104 ../D8M_Camera_Test_bsp//libhal_bsp.a(altera_avalon_timer_sc.o)
                0x00000000000326f0                alt_avalon_timer_sc_init
 .text          0x000000000003277c      0x110 ../D8M_Camera_Test_bsp//libhal_bsp.a(altera_avalon_uart_fd.o)
                0x000000000003277c                altera_avalon_uart_read_fd
                0x00000000000327dc                altera_avalon_uart_write_fd
                0x000000000003283c                altera_avalon_uart_close_fd
 .text          0x000000000003288c      0x3c8 ../D8M_Camera_Test_bsp//libhal_bsp.a(altera_avalon_uart_init.o)
                0x000000000003288c                altera_avalon_uart_init
                0x0000000000032c00                altera_avalon_uart_close
 .text          0x0000000000032c54      0x22c ../D8M_Camera_Test_bsp//libhal_bsp.a(altera_avalon_uart_read.o)
                0x0000000000032ca4                altera_avalon_uart_read
 .text          0x0000000000032e80      0x1fc ../D8M_Camera_Test_bsp//libhal_bsp.a(altera_avalon_uart_write.o)
                0x0000000000032ed0                altera_avalon_uart_write
 .text          0x000000000003307c      0x140 ../D8M_Camera_Test_bsp//libhal_bsp.a(alt_alarm_start.o)
                0x000000000003307c                alt_alarm_start
 .text          0x00000000000331bc      0x158 ../D8M_Camera_Test_bsp//libhal_bsp.a(alt_busy_sleep.o)
                0x00000000000331bc                alt_busy_sleep
 .text          0x0000000000033314       0x48 ../D8M_Camera_Test_bsp//libhal_bsp.a(alt_dcache_flush_all.o)
                0x0000000000033314                alt_dcache_flush_all
 .text          0x000000000003335c       0xf4 ../D8M_Camera_Test_bsp//libhal_bsp.a(alt_dev_llist_insert.o)
                0x00000000000333ac                alt_dev_llist_insert
 .text          0x0000000000033450       0x60 ../D8M_Camera_Test_bsp//libhal_bsp.a(alt_do_ctors.o)
                0x0000000000033450                _do_ctors
 .text          0x00000000000334b0       0x60 ../D8M_Camera_Test_bsp//libhal_bsp.a(alt_do_dtors.o)
                0x00000000000334b0                _do_dtors
 .text          0x0000000000033510       0x90 ../D8M_Camera_Test_bsp//libhal_bsp.a(alt_find_dev.o)
                0x0000000000033510                alt_find_dev
 .text          0x00000000000335a0      0x114 ../D8M_Camera_Test_bsp//libhal_bsp.a(alt_find_file.o)
                0x00000000000335a0                alt_find_file
 .text          0x00000000000336b4       0xb4 ../D8M_Camera_Test_bsp//libhal_bsp.a(alt_get_fd.o)
                0x00000000000336b4                alt_get_fd
 .text          0x0000000000033768       0x34 ../D8M_Camera_Test_bsp//libhal_bsp.a(alt_icache_flush_all.o)
                0x0000000000033768                alt_icache_flush_all
 .text          0x000000000003379c      0x1e0 ../D8M_Camera_Test_bsp//libhal_bsp.a(alt_iic.o)
                0x000000000003379c                alt_ic_isr_register
                0x00000000000337ec                alt_ic_irq_enable
                0x000000000003388c                alt_ic_irq_disable
                0x0000000000033930                alt_ic_irq_enabled
 .text          0x000000000003397c       0xf0 ../D8M_Camera_Test_bsp//libhal_bsp.a(alt_iic_isr_register.o)
                0x000000000003397c                alt_iic_isr_register
 .text          0x0000000000033a6c      0x140 ../D8M_Camera_Test_bsp//libhal_bsp.a(alt_io_redirect.o)
                0x0000000000033b30                alt_io_redirect
 .text          0x0000000000033bac        0x0 ../D8M_Camera_Test_bsp//libhal_bsp.a(alt_irq_entry.o)
 .text          0x0000000000033bac        0x0 ../D8M_Camera_Test_bsp//libhal_bsp.a(alt_irq_handler.o)
 .text          0x0000000000033bac        0x0 ../D8M_Camera_Test_bsp//libhal_bsp.a(alt_irq_vars.o)
 .text          0x0000000000033bac       0x24 ../D8M_Camera_Test_bsp//libhal_bsp.a(altera_nios2_gen2_irq.o)
                0x0000000000033bac                altera_nios2_gen2_irq_init
 .text          0x0000000000033bd0        0x0 ../D8M_Camera_Test_bsp//libhal_bsp.a(alt_exception_entry.o)
 .text          0x0000000000033bd0       0x90 ../D8M_Camera_Test_bsp//libhal_bsp.a(alt_icache_flush.o)
                0x0000000000033bd0                alt_icache_flush
 .text          0x0000000000033c60       0x9c ../D8M_Camera_Test_bsp//libhal_bsp.a(alt_instruction_exception_entry.o)
                0x0000000000033c60                alt_exception_cause_generated_bad_addr
 .text          0x0000000000033cfc        0x0 /home/youlittleperson/intelFPGA_lite/18.1/nios2eds/bin/gnu/H-x86_64-pc-linux-gnu/bin/../lib/gcc/nios2-elf/5.3.0/../../../../../H-x86_64-pc-linux-gnu/nios2-elf/lib/libc.a(lib_a-atexit.o)
 .text.atexit   0x0000000000033cfc       0x14 /home/youlittleperson/intelFPGA_lite/18.1/nios2eds/bin/gnu/H-x86_64-pc-linux-gnu/bin/../lib/gcc/nios2-elf/5.3.0/../../../../../H-x86_64-pc-linux-gnu/nios2-elf/lib/libc.a(lib_a-atexit.o)
                0x0000000000033cfc                atexit
 .text          0x0000000000033d10        0x0 /home/youlittleperson/intelFPGA_lite/18.1/nios2eds/bin/gnu/H-x86_64-pc-linux-gnu/bin/../lib/gcc/nios2-elf/5.3.0/../../../../../H-x86_64-pc-linux-gnu/nios2-elf/lib/libc.a(lib_a-exit.o)
 .text.exit     0x0000000000033d10       0x38 /home/youlittleperson/intelFPGA_lite/18.1/nios2eds/bin/gnu/H-x86_64-pc-linux-gnu/bin/../lib/gcc/nios2-elf/5.3.0/../../../../../H-x86_64-pc-linux-gnu/nios2-elf/lib/libc.a(lib_a-exit.o)
                0x0000000000033d10                exit
 .text          0x0000000000033d48        0x0 /home/youlittleperson/intelFPGA_lite/18.1/nios2eds/bin/gnu/H-x86_64-pc-linux-gnu/bin/../lib/gcc/nios2-elf/5.3.0/../../../../../H-x86_64-pc-linux-gnu/nios2-elf/lib/libc.a(lib_a-memcmp.o)
 .text.memcmp   0x0000000000033d48       0x7c /home/youlittleperson/intelFPGA_lite/18.1/nios2eds/bin/gnu/H-x86_64-pc-linux-gnu/bin/../lib/gcc/nios2-elf/5.3.0/../../../../../H-x86_64-pc-linux-gnu/nios2-elf/lib/libc.a(lib_a-memcmp.o)
                0x0000000000033d48                memcmp
 .text          0x0000000000033dc4        0x0 /home/youlittleperson/intelFPGA_lite/18.1/nios2eds/bin/gnu/H-x86_64-pc-linux-gnu/bin/../lib/gcc/nios2-elf/5.3.0/../../../../../H-x86_64-pc-linux-gnu/nios2-elf/lib/libc.a(lib_a-__atexit.o)
 .text.__register_exitproc
                0x0000000000033dc4      0x118 /home/youlittleperson/intelFPGA_lite/18.1/nios2eds/bin/gnu/H-x86_64-pc-linux-gnu/bin/../lib/gcc/nios2-elf/5.3.0/../../../../../H-x86_64-pc-linux-gnu/nios2-elf/lib/libc.a(lib_a-__atexit.o)
                0x0000000000033dc4                __register_exitproc
 .text          0x0000000000033edc        0x0 /home/youlittleperson/intelFPGA_lite/18.1/nios2eds/bin/gnu/H-x86_64-pc-linux-gnu/bin/../lib/gcc/nios2-elf/5.3.0/../../../../../H-x86_64-pc-linux-gnu/nios2-elf/lib/libc.a(lib_a-__call_atexit.o)
 .text.__call_exitprocs
                0x0000000000033edc      0x180 /home/youlittleperson/intelFPGA_lite/18.1/nios2eds/bin/gnu/H-x86_64-pc-linux-gnu/bin/../lib/gcc/nios2-elf/5.3.0/../../../../../H-x86_64-pc-linux-gnu/nios2-elf/lib/libc.a(lib_a-__call_atexit.o)
                0x0000000000033edc                __call_exitprocs
 .text          0x000000000003405c       0x34 ../D8M_Camera_Test_bsp//libhal_bsp.a(alt_exit.o)
                0x000000000003405c                _exit
 *(.gnu.warning.*)
 *(.fini)
                [!provide]                        PROVIDE (__etext, ABSOLUTE (.))
                [!provide]                        PROVIDE (_etext, ABSOLUTE (.))
                [!provide]                        PROVIDE (etext, ABSOLUTE (.))
 *(.eh_frame_hdr)
                0x0000000000034090                . = ALIGN (0x4)
                [!provide]                        PROVIDE (__preinit_array_start, ABSOLUTE (.))
 *(.preinit_array)
                [!provide]                        PROVIDE (__preinit_array_end, ABSOLUTE (.))
                [!provide]                        PROVIDE (__init_array_start, ABSOLUTE (.))
 *(.init_array)
                [!provide]                        PROVIDE (__init_array_end, ABSOLUTE (.))
                [!provide]                        PROVIDE (__fini_array_start, ABSOLUTE (.))
 *(.fini_array)
                [!provide]                        PROVIDE (__fini_array_end, ABSOLUTE (.))
 *(.eh_frame)
 *(.gcc_except_table .gcc_except_table.*)
 *(.dynamic)
                0x0000000000034090                PROVIDE (__CTOR_LIST__, ABSOLUTE (.))
 *(.ctors)
 *(SORT(.ctors.*))
                0x0000000000034090                PROVIDE (__CTOR_END__, ABSOLUTE (.))
                0x0000000000034090                PROVIDE (__DTOR_LIST__, ABSOLUTE (.))
 *(.dtors)
 *(SORT(.dtors.*))
                0x0000000000034090                PROVIDE (__DTOR_END__, ABSOLUTE (.))
 *(.jcr)
                0x0000000000034090                . = ALIGN (0x4)

.rodata         0x0000000000034090      0xa48
                0x0000000000034090                PROVIDE (__ram_rodata_start, ABSOLUTE (.))
                0x0000000000034090                . = ALIGN (0x4)
 *(.rodata .rodata.* .gnu.linkonce.r.*)
 .rodata        0x0000000000034090      0x277 obj/default/I2C_core.o
 *fill*         0x0000000000034307        0x1 
 .rodata        0x0000000000034308       0x4e obj/default/auto_focus.o
 *fill*         0x0000000000034356        0x2 
 .rodata        0x0000000000034358      0x37c obj/default/main.o
 .rodata        0x00000000000346d4       0x61 obj/default/mipi_bridge_config.o
 *fill*         0x0000000000034735        0x3 
 .rodata        0x0000000000034738       0x9c obj/default/mipi_camera_config.o
 .rodata        0x00000000000347d4      0x100 /home/youlittleperson/intelFPGA_lite/18.1/nios2eds/bin/gnu/H-x86_64-pc-linux-gnu/bin/../lib/gcc/nios2-elf/5.3.0/libgcc.a(_clz.o)
                0x00000000000347d4                __clz_tab
 .rodata.str1.4
                0x00000000000348d4        0x2 /home/youlittleperson/intelFPGA_lite/18.1/nios2eds/bin/gnu/H-x86_64-pc-linux-gnu/bin/../lib/gcc/nios2-elf/5.3.0/../../../../../H-x86_64-pc-linux-gnu/nios2-elf/lib/libc.a(lib_a-impure.o)
 *fill*         0x00000000000348d6        0x2 
 .rodata.str1.4
                0x00000000000348d8        0x2 /home/youlittleperson/intelFPGA_lite/18.1/nios2eds/bin/gnu/H-x86_64-pc-linux-gnu/bin/../lib/gcc/nios2-elf/5.3.0/../../../../../H-x86_64-pc-linux-gnu/nios2-elf/lib/libc.a(lib_a-puts.o)
 *fill*         0x00000000000348da        0x2 
 .rodata.str1.4
                0x00000000000348dc       0x42 /home/youlittleperson/intelFPGA_lite/18.1/nios2eds/bin/gnu/H-x86_64-pc-linux-gnu/bin/../lib/gcc/nios2-elf/5.3.0/../../../../../H-x86_64-pc-linux-gnu/nios2-elf/lib/libc.a(lib_a-vfprintf.o)
 .rodata.zeroes.4404
                0x000000000003491e       0x10 /home/youlittleperson/intelFPGA_lite/18.1/nios2eds/bin/gnu/H-x86_64-pc-linux-gnu/bin/../lib/gcc/nios2-elf/5.3.0/../../../../../H-x86_64-pc-linux-gnu/nios2-elf/lib/libc.a(lib_a-vfprintf.o)
 .rodata.blanks.4403
                0x000000000003492e       0x10 /home/youlittleperson/intelFPGA_lite/18.1/nios2eds/bin/gnu/H-x86_64-pc-linux-gnu/bin/../lib/gcc/nios2-elf/5.3.0/../../../../../H-x86_64-pc-linux-gnu/nios2-elf/lib/libc.a(lib_a-vfprintf.o)
 *fill*         0x000000000003493e        0x2 
 .rodata.str1.4
                0x0000000000034940       0x10 /home/youlittleperson/intelFPGA_lite/18.1/nios2eds/bin/gnu/H-x86_64-pc-linux-gnu/bin/../lib/gcc/nios2-elf/5.3.0/../../../../../H-x86_64-pc-linux-gnu/nios2-elf/lib/libc.a(lib_a-dtoa.o)
                                         0x12 (size before relaxing)
 .rodata.str1.4
                0x0000000000034950        0xc /home/youlittleperson/intelFPGA_lite/18.1/nios2eds/bin/gnu/H-x86_64-pc-linux-gnu/bin/../lib/gcc/nios2-elf/5.3.0/../../../../../H-x86_64-pc-linux-gnu/nios2-elf/lib/libc.a(lib_a-locale.o)
                                         0x12 (size before relaxing)
 .rodata.p05.2768
                0x000000000003495c        0xc /home/youlittleperson/intelFPGA_lite/18.1/nios2eds/bin/gnu/H-x86_64-pc-linux-gnu/bin/../lib/gcc/nios2-elf/5.3.0/../../../../../H-x86_64-pc-linux-gnu/nios2-elf/lib/libc.a(lib_a-mprec.o)
 .rodata.__mprec_tinytens
                0x0000000000034968       0x28 /home/youlittleperson/intelFPGA_lite/18.1/nios2eds/bin/gnu/H-x86_64-pc-linux-gnu/bin/../lib/gcc/nios2-elf/5.3.0/../../../../../H-x86_64-pc-linux-gnu/nios2-elf/lib/libc.a(lib_a-mprec.o)
                0x0000000000034968                __mprec_tinytens
 .rodata.__mprec_bigtens
                0x0000000000034990       0x28 /home/youlittleperson/intelFPGA_lite/18.1/nios2eds/bin/gnu/H-x86_64-pc-linux-gnu/bin/../lib/gcc/nios2-elf/5.3.0/../../../../../H-x86_64-pc-linux-gnu/nios2-elf/lib/libc.a(lib_a-mprec.o)
                0x0000000000034990                __mprec_bigtens
 .rodata.__mprec_tens
                0x00000000000349b8       0xc8 /home/youlittleperson/intelFPGA_lite/18.1/nios2eds/bin/gnu/H-x86_64-pc-linux-gnu/bin/../lib/gcc/nios2-elf/5.3.0/../../../../../H-x86_64-pc-linux-gnu/nios2-elf/lib/libc.a(lib_a-mprec.o)
                0x00000000000349b8                __mprec_tens
 .rodata.str1.4
                0x0000000000034a80       0x2f /home/youlittleperson/intelFPGA_lite/18.1/nios2eds/bin/gnu/H-x86_64-pc-linux-gnu/bin/../lib/gcc/nios2-elf/5.3.0/../../../../../H-x86_64-pc-linux-gnu/nios2-elf/lib/libc.a(lib_a-vfiprintf.o)
 .rodata.zeroes.4349
                0x0000000000034a80       0x10 /home/youlittleperson/intelFPGA_lite/18.1/nios2eds/bin/gnu/H-x86_64-pc-linux-gnu/bin/../lib/gcc/nios2-elf/5.3.0/../../../../../H-x86_64-pc-linux-gnu/nios2-elf/lib/libc.a(lib_a-vfiprintf.o)
 .rodata.blanks.4348
                0x0000000000034a90       0x10 /home/youlittleperson/intelFPGA_lite/18.1/nios2eds/bin/gnu/H-x86_64-pc-linux-gnu/bin/../lib/gcc/nios2-elf/5.3.0/../../../../../H-x86_64-pc-linux-gnu/nios2-elf/lib/libc.a(lib_a-vfiprintf.o)
 .rodata        0x0000000000034aa0        0xa ../D8M_Camera_Test_bsp//libhal_bsp.a(alt_dev.o)
 *fill*         0x0000000000034aaa        0x2 
 .rodata        0x0000000000034aac        0xf ../D8M_Camera_Test_bsp//libhal_bsp.a(alt_main.o)
 *fill*         0x0000000000034abb        0x1 
 .rodata        0x0000000000034abc       0x1c ../D8M_Camera_Test_bsp//libhal_bsp.a(alt_sys_init.o)
 *(.rodata1)
                0x0000000000034ad8                . = ALIGN (0x4)
                0x0000000000034ad8                PROVIDE (__ram_rodata_end, ABSOLUTE (.))
                0x0000000000034090                PROVIDE (__flash_rodata_start, LOADADDR (.rodata))

.rwdata         0x0000000000034ad8     0x2364 load address 0x0000000000036e3c
                0x0000000000034ad8                PROVIDE (__ram_rwdata_start, ABSOLUTE (.))
                0x0000000000034ad8                . = ALIGN (0x4)
 *(.got.plt)
 *(.got)
 *(.data1)
 *(.data .data.* .gnu.linkonce.d.*)
 .data          0x0000000000034ad8        0x0 ../D8M_Camera_Test_bsp//obj/HAL/src/crt0.o
 .data          0x0000000000034ad8        0x0 obj/default/I2C_core.o
 .data          0x0000000000034ad8        0x0 obj/default/auto_focus.o
 .data          0x0000000000034ad8        0x0 obj/default/main.o
 .data          0x0000000000034ad8       0x34 obj/default/mipi_bridge_config.o
 .data          0x0000000000034b0c      0x774 obj/default/mipi_camera_config.o
 .data          0x0000000000035280        0x0 obj/default/queue.o
 .data          0x0000000000035280        0x0 /home/youlittleperson/intelFPGA_lite/18.1/nios2eds/bin/gnu/H-x86_64-pc-linux-gnu/bin/../lib/gcc/nios2-elf/5.3.0/libgcc.a(lib2-divmod.o)
 .data          0x0000000000035280        0x0 /home/youlittleperson/intelFPGA_lite/18.1/nios2eds/bin/gnu/H-x86_64-pc-linux-gnu/bin/../lib/gcc/nios2-elf/5.3.0/libgcc.a(addsf3.o)
 .data          0x0000000000035280        0x0 /home/youlittleperson/intelFPGA_lite/18.1/nios2eds/bin/gnu/H-x86_64-pc-linux-gnu/bin/../lib/gcc/nios2-elf/5.3.0/libgcc.a(divsf3.o)
 .data          0x0000000000035280        0x0 /home/youlittleperson/intelFPGA_lite/18.1/nios2eds/bin/gnu/H-x86_64-pc-linux-gnu/bin/../lib/gcc/nios2-elf/5.3.0/libgcc.a(fixsfsi.o)
 .data          0x0000000000035280        0x0 /home/youlittleperson/intelFPGA_lite/18.1/nios2eds/bin/gnu/H-x86_64-pc-linux-gnu/bin/../lib/gcc/nios2-elf/5.3.0/libgcc.a(floatsisf.o)
 .data          0x0000000000035280        0x0 /home/youlittleperson/intelFPGA_lite/18.1/nios2eds/bin/gnu/H-x86_64-pc-linux-gnu/bin/../lib/gcc/nios2-elf/5.3.0/libgcc.a(_clzsi2.o)
 .data          0x0000000000035280        0x0 /home/youlittleperson/intelFPGA_lite/18.1/nios2eds/bin/gnu/H-x86_64-pc-linux-gnu/bin/../lib/gcc/nios2-elf/5.3.0/libgcc.a(_clz.o)
 .data          0x0000000000035280        0x0 /home/youlittleperson/intelFPGA_lite/18.1/nios2eds/bin/gnu/H-x86_64-pc-linux-gnu/bin/../lib/gcc/nios2-elf/5.3.0/../../../../../H-x86_64-pc-linux-gnu/nios2-elf/lib/libc.a(lib_a-fopen.o)
 .data          0x0000000000035280        0x0 /home/youlittleperson/intelFPGA_lite/18.1/nios2eds/bin/gnu/H-x86_64-pc-linux-gnu/bin/../lib/gcc/nios2-elf/5.3.0/../../../../../H-x86_64-pc-linux-gnu/nios2-elf/lib/libc.a(lib_a-fprintf.o)
 .data          0x0000000000035280        0x0 /home/youlittleperson/intelFPGA_lite/18.1/nios2eds/bin/gnu/H-x86_64-pc-linux-gnu/bin/../lib/gcc/nios2-elf/5.3.0/../../../../../H-x86_64-pc-linux-gnu/nios2-elf/lib/libc.a(lib_a-fseek.o)
 .data          0x0000000000035280        0x0 /home/youlittleperson/intelFPGA_lite/18.1/nios2eds/bin/gnu/H-x86_64-pc-linux-gnu/bin/../lib/gcc/nios2-elf/5.3.0/../../../../../H-x86_64-pc-linux-gnu/nios2-elf/lib/libc.a(lib_a-fseeko.o)
 .data          0x0000000000035280        0x0 /home/youlittleperson/intelFPGA_lite/18.1/nios2eds/bin/gnu/H-x86_64-pc-linux-gnu/bin/../lib/gcc/nios2-elf/5.3.0/../../../../../H-x86_64-pc-linux-gnu/nios2-elf/lib/libc.a(lib_a-fstatr.o)
 .data          0x0000000000035280        0x0 /home/youlittleperson/intelFPGA_lite/18.1/nios2eds/bin/gnu/H-x86_64-pc-linux-gnu/bin/../lib/gcc/nios2-elf/5.3.0/../../../../../H-x86_64-pc-linux-gnu/nios2-elf/lib/libc.a(lib_a-impure.o)
 .data.impure_data
                0x0000000000035280      0x424 /home/youlittleperson/intelFPGA_lite/18.1/nios2eds/bin/gnu/H-x86_64-pc-linux-gnu/bin/../lib/gcc/nios2-elf/5.3.0/../../../../../H-x86_64-pc-linux-gnu/nios2-elf/lib/libc.a(lib_a-impure.o)
 .data          0x00000000000356a4        0x0 /home/youlittleperson/intelFPGA_lite/18.1/nios2eds/bin/gnu/H-x86_64-pc-linux-gnu/bin/../lib/gcc/nios2-elf/5.3.0/../../../../../H-x86_64-pc-linux-gnu/nios2-elf/lib/libc.a(lib_a-int_errno.o)
 .data          0x00000000000356a4        0x0 /home/youlittleperson/intelFPGA_lite/18.1/nios2eds/bin/gnu/H-x86_64-pc-linux-gnu/bin/../lib/gcc/nios2-elf/5.3.0/../../../../../H-x86_64-pc-linux-gnu/nios2-elf/lib/libc.a(lib_a-makebuf.o)
 .data          0x00000000000356a4        0x0 /home/youlittleperson/intelFPGA_lite/18.1/nios2eds/bin/gnu/H-x86_64-pc-linux-gnu/bin/../lib/gcc/nios2-elf/5.3.0/../../../../../H-x86_64-pc-linux-gnu/nios2-elf/lib/libc.a(lib_a-malloc.o)
 .data          0x00000000000356a4        0x0 /home/youlittleperson/intelFPGA_lite/18.1/nios2eds/bin/gnu/H-x86_64-pc-linux-gnu/bin/../lib/gcc/nios2-elf/5.3.0/../../../../../H-x86_64-pc-linux-gnu/nios2-elf/lib/libc.a(lib_a-mallocr.o)
 .data.__malloc_av_
                0x00000000000356a4      0x408 /home/youlittleperson/intelFPGA_lite/18.1/nios2eds/bin/gnu/H-x86_64-pc-linux-gnu/bin/../lib/gcc/nios2-elf/5.3.0/../../../../../H-x86_64-pc-linux-gnu/nios2-elf/lib/libc.a(lib_a-mallocr.o)
                0x00000000000356a4                __malloc_av_
 .data          0x0000000000035aac        0x0 /home/youlittleperson/intelFPGA_lite/18.1/nios2eds/bin/gnu/H-x86_64-pc-linux-gnu/bin/../lib/gcc/nios2-elf/5.3.0/../../../../../H-x86_64-pc-linux-gnu/nios2-elf/lib/libc.a(lib_a-memset.o)
 .data          0x0000000000035aac        0x0 /home/youlittleperson/intelFPGA_lite/18.1/nios2eds/bin/gnu/H-x86_64-pc-linux-gnu/bin/../lib/gcc/nios2-elf/5.3.0/../../../../../H-x86_64-pc-linux-gnu/nios2-elf/lib/libc.a(lib_a-openr.o)
 .data          0x0000000000035aac        0x0 /home/youlittleperson/intelFPGA_lite/18.1/nios2eds/bin/gnu/H-x86_64-pc-linux-gnu/bin/../lib/gcc/nios2-elf/5.3.0/../../../../../H-x86_64-pc-linux-gnu/nios2-elf/lib/libc.a(lib_a-printf.o)
 .data          0x0000000000035aac        0x0 /home/youlittleperson/intelFPGA_lite/18.1/nios2eds/bin/gnu/H-x86_64-pc-linux-gnu/bin/../lib/gcc/nios2-elf/5.3.0/../../../../../H-x86_64-pc-linux-gnu/nios2-elf/lib/libc.a(lib_a-putchar.o)
 .data          0x0000000000035aac        0x0 /home/youlittleperson/intelFPGA_lite/18.1/nios2eds/bin/gnu/H-x86_64-pc-linux-gnu/bin/../lib/gcc/nios2-elf/5.3.0/../../../../../H-x86_64-pc-linux-gnu/nios2-elf/lib/libc.a(lib_a-puts.o)
 .data          0x0000000000035aac        0x0 /home/youlittleperson/intelFPGA_lite/18.1/nios2eds/bin/gnu/H-x86_64-pc-linux-gnu/bin/../lib/gcc/nios2-elf/5.3.0/../../../../../H-x86_64-pc-linux-gnu/nios2-elf/lib/libc.a(lib_a-refill.o)
 .data          0x0000000000035aac        0x0 /home/youlittleperson/intelFPGA_lite/18.1/nios2eds/bin/gnu/H-x86_64-pc-linux-gnu/bin/../lib/gcc/nios2-elf/5.3.0/../../../../../H-x86_64-pc-linux-gnu/nios2-elf/lib/libc.a(lib_a-sbrkr.o)
 .data          0x0000000000035aac        0x0 /home/youlittleperson/intelFPGA_lite/18.1/nios2eds/bin/gnu/H-x86_64-pc-linux-gnu/bin/../lib/gcc/nios2-elf/5.3.0/../../../../../H-x86_64-pc-linux-gnu/nios2-elf/lib/libc.a(lib_a-stdio.o)
 .data          0x0000000000035aac        0x0 /home/youlittleperson/intelFPGA_lite/18.1/nios2eds/bin/gnu/H-x86_64-pc-linux-gnu/bin/../lib/gcc/nios2-elf/5.3.0/../../../../../H-x86_64-pc-linux-gnu/nios2-elf/lib/libc.a(lib_a-strlen.o)
 .data          0x0000000000035aac        0x0 /home/youlittleperson/intelFPGA_lite/18.1/nios2eds/bin/gnu/H-x86_64-pc-linux-gnu/bin/../lib/gcc/nios2-elf/5.3.0/../../../../../H-x86_64-pc-linux-gnu/nios2-elf/lib/libc.a(lib_a-vfprintf.o)
 .data          0x0000000000035aac        0x0 /home/youlittleperson/intelFPGA_lite/18.1/nios2eds/bin/gnu/H-x86_64-pc-linux-gnu/bin/../lib/gcc/nios2-elf/5.3.0/../../../../../H-x86_64-pc-linux-gnu/nios2-elf/lib/libc.a(lib_a-writer.o)
 .data          0x0000000000035aac        0x0 /home/youlittleperson/intelFPGA_lite/18.1/nios2eds/bin/gnu/H-x86_64-pc-linux-gnu/bin/../lib/gcc/nios2-elf/5.3.0/../../../../../H-x86_64-pc-linux-gnu/nios2-elf/lib/libc.a(lib_a-wsetup.o)
 .data          0x0000000000035aac        0x0 /home/youlittleperson/intelFPGA_lite/18.1/nios2eds/bin/gnu/H-x86_64-pc-linux-gnu/bin/../lib/gcc/nios2-elf/5.3.0/../../../../../H-x86_64-pc-linux-gnu/nios2-elf/lib/libc.a(closer.o)
 .data          0x0000000000035aac        0x0 /home/youlittleperson/intelFPGA_lite/18.1/nios2eds/bin/gnu/H-x86_64-pc-linux-gnu/bin/../lib/gcc/nios2-elf/5.3.0/../../../../../H-x86_64-pc-linux-gnu/nios2-elf/lib/libc.a(lib_a-dtoa.o)
 .data          0x0000000000035aac        0x0 /home/youlittleperson/intelFPGA_lite/18.1/nios2eds/bin/gnu/H-x86_64-pc-linux-gnu/bin/../lib/gcc/nios2-elf/5.3.0/../../../../../H-x86_64-pc-linux-gnu/nios2-elf/lib/libc.a(lib_a-fflush.o)
 .data          0x0000000000035aac        0x0 /home/youlittleperson/intelFPGA_lite/18.1/nios2eds/bin/gnu/H-x86_64-pc-linux-gnu/bin/../lib/gcc/nios2-elf/5.3.0/../../../../../H-x86_64-pc-linux-gnu/nios2-elf/lib/libc.a(lib_a-findfp.o)
 .data          0x0000000000035aac        0x0 /home/youlittleperson/intelFPGA_lite/18.1/nios2eds/bin/gnu/H-x86_64-pc-linux-gnu/bin/../lib/gcc/nios2-elf/5.3.0/../../../../../H-x86_64-pc-linux-gnu/nios2-elf/lib/libc.a(lib_a-flags.o)
 .data          0x0000000000035aac        0x0 /home/youlittleperson/intelFPGA_lite/18.1/nios2eds/bin/gnu/H-x86_64-pc-linux-gnu/bin/../lib/gcc/nios2-elf/5.3.0/../../../../../H-x86_64-pc-linux-gnu/nios2-elf/lib/libc.a(lib_a-freer.o)
 .data          0x0000000000035aac        0x0 /home/youlittleperson/intelFPGA_lite/18.1/nios2eds/bin/gnu/H-x86_64-pc-linux-gnu/bin/../lib/gcc/nios2-elf/5.3.0/../../../../../H-x86_64-pc-linux-gnu/nios2-elf/lib/libc.a(lib_a-fvwrite.o)
 .data          0x0000000000035aac        0x0 /home/youlittleperson/intelFPGA_lite/18.1/nios2eds/bin/gnu/H-x86_64-pc-linux-gnu/bin/../lib/gcc/nios2-elf/5.3.0/../../../../../H-x86_64-pc-linux-gnu/nios2-elf/lib/libc.a(lib_a-fwalk.o)
 .data          0x0000000000035aac        0x0 /home/youlittleperson/intelFPGA_lite/18.1/nios2eds/bin/gnu/H-x86_64-pc-linux-gnu/bin/../lib/gcc/nios2-elf/5.3.0/../../../../../H-x86_64-pc-linux-gnu/nios2-elf/lib/libc.a(lib_a-isattyr.o)
 .data          0x0000000000035aac        0x0 /home/youlittleperson/intelFPGA_lite/18.1/nios2eds/bin/gnu/H-x86_64-pc-linux-gnu/bin/../lib/gcc/nios2-elf/5.3.0/../../../../../H-x86_64-pc-linux-gnu/nios2-elf/lib/libc.a(lib_a-locale.o)
 .data.lc_message_charset
                0x0000000000035aac       0x20 /home/youlittleperson/intelFPGA_lite/18.1/nios2eds/bin/gnu/H-x86_64-pc-linux-gnu/bin/../lib/gcc/nios2-elf/5.3.0/../../../../../H-x86_64-pc-linux-gnu/nios2-elf/lib/libc.a(lib_a-locale.o)
 .data.lc_ctype_charset
                0x0000000000035acc       0x20 /home/youlittleperson/intelFPGA_lite/18.1/nios2eds/bin/gnu/H-x86_64-pc-linux-gnu/bin/../lib/gcc/nios2-elf/5.3.0/../../../../../H-x86_64-pc-linux-gnu/nios2-elf/lib/libc.a(lib_a-locale.o)
 .data.lconv    0x0000000000035aec       0x38 /home/youlittleperson/intelFPGA_lite/18.1/nios2eds/bin/gnu/H-x86_64-pc-linux-gnu/bin/../lib/gcc/nios2-elf/5.3.0/../../../../../H-x86_64-pc-linux-gnu/nios2-elf/lib/libc.a(lib_a-locale.o)
 .data          0x0000000000035b24        0x0 /home/youlittleperson/intelFPGA_lite/18.1/nios2eds/bin/gnu/H-x86_64-pc-linux-gnu/bin/../lib/gcc/nios2-elf/5.3.0/../../../../../H-x86_64-pc-linux-gnu/nios2-elf/lib/libc.a(lib_a-lseekr.o)
 .data          0x0000000000035b24        0x0 /home/youlittleperson/intelFPGA_lite/18.1/nios2eds/bin/gnu/H-x86_64-pc-linux-gnu/bin/../lib/gcc/nios2-elf/5.3.0/../../../../../H-x86_64-pc-linux-gnu/nios2-elf/lib/libc.a(lib_a-memchr.o)
 .data          0x0000000000035b24        0x0 /home/youlittleperson/intelFPGA_lite/18.1/nios2eds/bin/gnu/H-x86_64-pc-linux-gnu/bin/../lib/gcc/nios2-elf/5.3.0/../../../../../H-x86_64-pc-linux-gnu/nios2-elf/lib/libc.a(lib_a-memcpy.o)
 .data          0x0000000000035b24        0x0 /home/youlittleperson/intelFPGA_lite/18.1/nios2eds/bin/gnu/H-x86_64-pc-linux-gnu/bin/../lib/gcc/nios2-elf/5.3.0/../../../../../H-x86_64-pc-linux-gnu/nios2-elf/lib/libc.a(lib_a-memmove.o)
 .data          0x0000000000035b24        0x0 /home/youlittleperson/intelFPGA_lite/18.1/nios2eds/bin/gnu/H-x86_64-pc-linux-gnu/bin/../lib/gcc/nios2-elf/5.3.0/../../../../../H-x86_64-pc-linux-gnu/nios2-elf/lib/libc.a(lib_a-mprec.o)
 .data          0x0000000000035b24        0x0 /home/youlittleperson/intelFPGA_lite/18.1/nios2eds/bin/gnu/H-x86_64-pc-linux-gnu/bin/../lib/gcc/nios2-elf/5.3.0/../../../../../H-x86_64-pc-linux-gnu/nios2-elf/lib/libc.a(lib_a-putc.o)
 .data          0x0000000000035b24        0x0 /home/youlittleperson/intelFPGA_lite/18.1/nios2eds/bin/gnu/H-x86_64-pc-linux-gnu/bin/../lib/gcc/nios2-elf/5.3.0/../../../../../H-x86_64-pc-linux-gnu/nios2-elf/lib/libc.a(lib_a-readr.o)
 .data          0x0000000000035b24        0x0 /home/youlittleperson/intelFPGA_lite/18.1/nios2eds/bin/gnu/H-x86_64-pc-linux-gnu/bin/../lib/gcc/nios2-elf/5.3.0/../../../../../H-x86_64-pc-linux-gnu/nios2-elf/lib/libc.a(lib_a-reallocr.o)
 .data          0x0000000000035b24        0x0 /home/youlittleperson/intelFPGA_lite/18.1/nios2eds/bin/gnu/H-x86_64-pc-linux-gnu/bin/../lib/gcc/nios2-elf/5.3.0/../../../../../H-x86_64-pc-linux-gnu/nios2-elf/lib/libc.a(lib_a-s_fpclassify.o)
 .data          0x0000000000035b24        0x0 /home/youlittleperson/intelFPGA_lite/18.1/nios2eds/bin/gnu/H-x86_64-pc-linux-gnu/bin/../lib/gcc/nios2-elf/5.3.0/../../../../../H-x86_64-pc-linux-gnu/nios2-elf/lib/libc.a(lib_a-strcmp.o)
 .data          0x0000000000035b24        0x0 /home/youlittleperson/intelFPGA_lite/18.1/nios2eds/bin/gnu/H-x86_64-pc-linux-gnu/bin/../lib/gcc/nios2-elf/5.3.0/../../../../../H-x86_64-pc-linux-gnu/nios2-elf/lib/libc.a(lib_a-vfiprintf.o)
 .data          0x0000000000035b24        0x0 /home/youlittleperson/intelFPGA_lite/18.1/nios2eds/bin/gnu/H-x86_64-pc-linux-gnu/bin/../lib/gcc/nios2-elf/5.3.0/../../../../../H-x86_64-pc-linux-gnu/nios2-elf/lib/libc.a(lib_a-wbuf.o)
 .data          0x0000000000035b24        0x0 /home/youlittleperson/intelFPGA_lite/18.1/nios2eds/bin/gnu/H-x86_64-pc-linux-gnu/bin/../lib/gcc/nios2-elf/5.3.0/../../../../../H-x86_64-pc-linux-gnu/nios2-elf/lib/libc.a(lib_a-callocr.o)
 .data          0x0000000000035b24        0x0 /home/youlittleperson/intelFPGA_lite/18.1/nios2eds/bin/gnu/H-x86_64-pc-linux-gnu/bin/../lib/gcc/nios2-elf/5.3.0/../../../../../H-x86_64-pc-linux-gnu/nios2-elf/lib/libc.a(lib_a-fclose.o)
 .data          0x0000000000035b24        0x0 /home/youlittleperson/intelFPGA_lite/18.1/nios2eds/bin/gnu/H-x86_64-pc-linux-gnu/bin/../lib/gcc/nios2-elf/5.3.0/../../../../../H-x86_64-pc-linux-gnu/nios2-elf/lib/libc.a(lib_a-fputwc.o)
 .data          0x0000000000035b24        0x0 /home/youlittleperson/intelFPGA_lite/18.1/nios2eds/bin/gnu/H-x86_64-pc-linux-gnu/bin/../lib/gcc/nios2-elf/5.3.0/../../../../../H-x86_64-pc-linux-gnu/nios2-elf/lib/libc.a(lib_a-wcrtomb.o)
 .data          0x0000000000035b24        0x0 /home/youlittleperson/intelFPGA_lite/18.1/nios2eds/bin/gnu/H-x86_64-pc-linux-gnu/bin/../lib/gcc/nios2-elf/5.3.0/../../../../../H-x86_64-pc-linux-gnu/nios2-elf/lib/libc.a(lib_a-wctomb_r.o)
 .data          0x0000000000035b24        0x0 /home/youlittleperson/intelFPGA_lite/18.1/nios2eds/bin/gnu/H-x86_64-pc-linux-gnu/bin/../lib/gcc/nios2-elf/5.3.0/libgcc.a(_udivdi3.o)
 .data          0x0000000000035b24        0x0 /home/youlittleperson/intelFPGA_lite/18.1/nios2eds/bin/gnu/H-x86_64-pc-linux-gnu/bin/../lib/gcc/nios2-elf/5.3.0/libgcc.a(_umoddi3.o)
 .data          0x0000000000035b24        0x0 /home/youlittleperson/intelFPGA_lite/18.1/nios2eds/bin/gnu/H-x86_64-pc-linux-gnu/bin/../lib/gcc/nios2-elf/5.3.0/libgcc.a(adddf3.o)
 .data          0x0000000000035b24        0x0 /home/youlittleperson/intelFPGA_lite/18.1/nios2eds/bin/gnu/H-x86_64-pc-linux-gnu/bin/../lib/gcc/nios2-elf/5.3.0/libgcc.a(divdf3.o)